Component: ARM Compiler 5.06 update 5 (build 528) Tool: armlink [4d35e2]

==============================================================================

Section Cross References

    startup_stm32f103x6.o(RESET) refers to startup_stm32f103x6.o(STACK) for __initial_sp
    startup_stm32f103x6.o(RESET) refers to startup_stm32f103x6.o(.text) for Reset_Handler
    startup_stm32f103x6.o(RESET) refers to stm32f1xx_it.o(i.NMI_Handler) for NMI_Handler
    startup_stm32f103x6.o(RESET) refers to stm32f1xx_it.o(i.HardFault_Handler) for HardFault_Handler
    startup_stm32f103x6.o(RESET) refers to stm32f1xx_it.o(i.MemManage_Handler) for MemManage_Handler
    startup_stm32f103x6.o(RESET) refers to stm32f1xx_it.o(i.BusFault_Handler) for BusFault_Handler
    startup_stm32f103x6.o(RESET) refers to stm32f1xx_it.o(i.UsageFault_Handler) for UsageFault_Handler
    startup_stm32f103x6.o(RESET) refers to stm32f1xx_it.o(i.SVC_Handler) for SVC_Handler
    startup_stm32f103x6.o(RESET) refers to stm32f1xx_it.o(i.DebugMon_Handler) for DebugMon_Handler
    startup_stm32f103x6.o(RESET) refers to stm32f1xx_it.o(i.PendSV_Handler) for PendSV_Handler
    startup_stm32f103x6.o(RESET) refers to stm32f1xx_it.o(i.SysTick_Handler) for SysTick_Handler
    startup_stm32f103x6.o(RESET) refers to stm32f1xx_it.o(i.DMA1_Channel5_IRQHandler) for DMA1_Channel5_IRQHandler
    startup_stm32f103x6.o(RESET) refers to stm32f1xx_it.o(i.TIM3_IRQHandler) for TIM3_IRQHandler
    startup_stm32f103x6.o(RESET) refers to stm32f1xx_it.o(i.USART1_IRQHandler) for USART1_IRQHandler
    startup_stm32f103x6.o(.text) refers to system_stm32f1xx.o(i.SystemInit) for SystemInit
    startup_stm32f103x6.o(.text) refers to entry.o(.ARM.Collect$$$$00000000) for __main
    oled.o(i.OLED_Clear) refers to oled.o(.bss) for .bss
    oled.o(i.OLED_ClearPoint) refers to oled.o(.bss) for .bss
    oled.o(i.OLED_Display_Off) refers to oled.o(i.OLED_WR_Byte) for OLED_WR_Byte
    oled.o(i.OLED_Display_On) refers to oled.o(i.OLED_WR_Byte) for OLED_WR_Byte
    oled.o(i.OLED_DrawPoint) refers to oled.o(.bss) for .bss
    oled.o(i.OLED_Init) refers to stm32f1xx_hal.o(i.HAL_Delay) for HAL_Delay
    oled.o(i.OLED_Init) refers to oled.o(i.OLED_WR_Byte) for OLED_WR_Byte
    oled.o(i.OLED_Init) refers to oled.o(i.OLED_Clear) for OLED_Clear
    oled.o(i.OLED_Init) refers to oled.o(i.Oled_Send_Buff) for Oled_Send_Buff
    oled.o(i.OLED_Set_Pos) refers to oled.o(i.OLED_WR_Byte) for OLED_WR_Byte
    oled.o(i.OLED_ShowCHinese) refers to oled.o(i.OLED_Show_One_Chinese) for OLED_Show_One_Chinese
    oled.o(i.OLED_ShowCHinese) refers to oled.o(i.OLED_ShowString) for OLED_ShowString
    oled.o(i.OLED_ShowChar) refers to oled.o(.data) for .data
    oled.o(i.OLED_ShowChar) refers to oled.o(.bss) for .bss
    oled.o(i.OLED_ShowFNum) refers to oled.o(i.oled_pow) for oled_pow
    oled.o(i.OLED_ShowFNum) refers to ffltui.o(.text) for __aeabi_ui2f
    oled.o(i.OLED_ShowFNum) refers to fmul.o(.text) for __aeabi_fmul
    oled.o(i.OLED_ShowFNum) refers to ffixui.o(.text) for __aeabi_f2uiz
    oled.o(i.OLED_ShowFNum) refers to oled.o(i.OLED_ShowChar) for OLED_ShowChar
    oled.o(i.OLED_ShowNum) refers to oled.o(i.oled_pow) for oled_pow
    oled.o(i.OLED_ShowNum) refers to oled.o(i.OLED_ShowChar) for OLED_ShowChar
    oled.o(i.OLED_ShowString) refers to oled.o(i.OLED_ShowChar) for OLED_ShowChar
    oled.o(i.OLED_Show_One_Chinese) refers to oled.o(.data) for .data
    oled.o(i.OLED_Show_One_Chinese) refers to oled.o(.bss) for .bss
    oled.o(i.OLED_WR_Byte) refers to oled.o(i.Write_IIC_Data) for Write_IIC_Data
    oled.o(i.OLED_WR_Byte) refers to oled.o(i.Write_IIC_Command) for Write_IIC_Command
    oled.o(i.Oled_Send_Buff) refers to oled.o(i.OLED_Set_Pos) for OLED_Set_Pos
    oled.o(i.Oled_Send_Buff) refers to oled.o(i.OLED_WR_Byte) for OLED_WR_Byte
    oled.o(i.Oled_Send_Buff) refers to oled.o(.bss) for .bss
    oled.o(i.To_Send_Buff) refers to oled.o(i.OLED_Set_Pos) for OLED_Set_Pos
    oled.o(i.To_Send_Buff) refers to oled.o(i.OLED_WR_Byte) for OLED_WR_Byte
    oled.o(i.To_Send_Buff) refers to oled.o(.bss) for .bss
    oled.o(i.Write_IIC_Command) refers to stm32f1xx_hal_i2c.o(i.HAL_I2C_Mem_Write) for HAL_I2C_Mem_Write
    oled.o(i.Write_IIC_Command) refers to i2c.o(.bss) for hi2c1
    oled.o(i.Write_IIC_Data) refers to stm32f1xx_hal_i2c.o(i.HAL_I2C_Mem_Write) for HAL_I2C_Mem_Write
    oled.o(i.Write_IIC_Data) refers to i2c.o(.bss) for hi2c1
    oled.o(i.oled_draw_bmp) refers to oled.o(i.OLED_DrawPoint) for OLED_DrawPoint
    oled.o(i.oled_draw_bmp) refers to oled.o(i.OLED_ClearPoint) for OLED_ClearPoint
    get_ec11.o(i.Get_EC11) refers to tim.o(.bss) for htim2
    get_ec11.o(i.Get_EC11) refers to app.o(.data) for power_flage
    app.o(i.Analytic_Parameter) refers to app.o(i.Hex_To_Float) for Hex_To_Float
    app.o(i.Analytic_Parameter) refers to f2d.o(.text) for __aeabi_f2d
    app.o(i.Analytic_Parameter) refers to printfa.o(i.__0printf) for __2printf
    app.o(i.Analytic_Parameter) refers to app.o(.bss) for .bss
[...]
    I2C_WaitOnMasterAddressFlagUntilTimeout  0x080034b9   Thumb Code   200  stm32f1xx_hal_i2c.o(i.I2C_WaitOnMasterAddressFlagUntilTimeout)
    i.I2C_WaitOnTXEFlagUntilTimeout          0x08003580   Section        0  stm32f1xx_hal_i2c.o(i.I2C_WaitOnTXEFlagUntilTimeout)
    I2C_WaitOnTXEFlagUntilTimeout            0x08003581   Thumb Code    88  stm32f1xx_hal_i2c.o(i.I2C_WaitOnTXEFlagUntilTimeout)
    i.MX_ADC1_Init                           0x080035d8   Section        0  adc.o(i.MX_ADC1_Init)
    i.MX_DMA_Init                            0x08003628   Section        0  dma.o(i.MX_DMA_Init)
    i.MX_GPIO_Init                           0x08003654   Section        0  gpio.o(i.MX_GPIO_Init)
    i.MX_I2C1_Init                           0x08003730   Section        0  i2c.o(i.MX_I2C1_Init)
    i.MX_TIM1_Init                           0x08003770   Section        0  tim.o(i.MX_TIM1_Init)
    i.MX_TIM2_Init                           0x080037d8   Section        0  tim.o(i.MX_TIM2_Init)
    i.MX_TIM3_Init                           0x0800383c   Section        0  tim.o(i.MX_TIM3_Init)
    i.MX_USART1_UART_Init                    0x080038a4   Section        0  usart.o(i.MX_USART1_UART_Init)
    i.MemManage_Handler                      0x080038dc   Section        0  stm32f1xx_it.o(i.MemManage_Handler)
    i.Menu_Detection                         0x080038e0   Section        0  app.o(i.Menu_Detection)
    i.Menu_Interface                         0x080039e8   Section        0  app.o(i.Menu_Interface)
    i.Menu_Set                               0x08003b0c   Section        0  app.o(i.Menu_Set)
    i.Menu_Study                             0x08003d74   Section        0  app.o(i.Menu_Study)
    i.NMI_Handler                            0x08003fbc   Section        0  stm32f1xx_it.o(i.NMI_Handler)
    i.NRF24L01_Check                         0x08003fc0   Section        0  24l01.o(i.NRF24L01_Check)
    i.NRF24L01_Read_Buf                      0x08004008   Section        0  24l01.o(i.NRF24L01_Read_Buf)
    i.NRF24L01_Read_Reg                      0x08004050   Section        0  24l01.o(i.NRF24L01_Read_Reg)
    i.NRF24L01_RxPacket                      0x08004080   Section        0  24l01.o(i.NRF24L01_RxPacket)
    i.NRF24L01_TxPacket                      0x080040b4   Section        0  24l01.o(i.NRF24L01_TxPacket)
    i.NRF24L01_Write_Buf                     0x08004114   Section        0  24l01.o(i.NRF24L01_Write_Buf)
    i.NRF24L01_Write_Reg                     0x0800415c   Section        0  24l01.o(i.NRF24L01_Write_Reg)
    i.NRF_Send                               0x08004190   Section        0  app.o(i.NRF_Send)
    i.OLED_Clear                             0x08004204   Section        0  oled.o(i.OLED_Clear)
    i.OLED_ClearPoint                        0x0800422c   Section        0  oled.o(i.OLED_ClearPoint)
    i.OLED_DrawPoint                         0x08004248   Section        0  oled.o(i.OLED_DrawPoint)
    i.OLED_Init                              0x08004264   Section        0  oled.o(i.OLED_Init)
    i.OLED_Set_Pos                           0x08004342   Section        0  oled.o(i.OLED_Set_Pos)
    i.OLED_ShowCHinese                       0x0800436c   Section        0  oled.o(i.OLED_ShowCHinese)
    i.OLED_ShowChar                          0x080043b8   Section        0  oled.o(i.OLED_ShowChar)
    i.OLED_ShowString                        0x08004410   Section        0  oled.o(i.OLED_ShowString)
    i.OLED_Show_One_Chinese                  0x08004440   Section        0  oled.o(i.OLED_Show_One_Chinese)
    i.OLED_WR_Byte                           0x080044bc   Section        0  oled.o(i.OLED_WR_Byte)
    i.Oled_Center                            0x080044cc   Section        0  oled.o(i.Oled_Center)
    i.Oled_Send_Buff                         0x080044f0   Section        0  oled.o(i.Oled_Send_Buff)
    i.PendSV_Handler                         0x08004534   Section        0  stm32f1xx_it.o(i.PendSV_Handler)
    i.RCC_Delay                              0x08004538   Section        0  stm32f1xx_hal_rcc.o(i.RCC_Delay)
    RCC_Delay                                0x08004539   Thumb Code    30  stm32f1xx_hal_rcc.o(i.RCC_Delay)
    i.RX_Mode                                0x0800455c   Section        0  24l01.o(i.RX_Mode)
    i.SPI_ReadWriteByte                      0x080045bc   Section        0  24l01.o(i.SPI_ReadWriteByte)
    i.SVC_Handler                            0x08004624   Section        0  stm32f1xx_it.o(i.SVC_Handler)
    i.SysTick_Handler                        0x08004626   Section        0  stm32f1xx_it.o(i.SysTick_Handler)
    i.SystemClock_Config                     0x0800462a   Section        0  main.o(i.SystemClock_Config)
    i.SystemInit                             0x080046a4   Section        0  system_stm32f1xx.o(i.SystemInit)
    i.TIM3_IRQHandler                        0x080046a8   Section        0  stm32f1xx_it.o(i.TIM3_IRQHandler)
    i.TIM_Base_SetConfig                     0x080046b4   Section        0  stm32f1xx_hal_tim.o(i.TIM_Base_SetConfig)
    i.TIM_CCxChannelCmd                      0x08004720   Section        0  stm32f1xx_hal_tim.o(i.TIM_CCxChannelCmd)
    i.TIM_ETR_SetConfig                      0x0800473a   Section        0  stm32f1xx_hal_tim.o(i.TIM_ETR_SetConfig)
    i.TIM_ITRx_SetConfig                     0x0800474e   Section        0  stm32f1xx_hal_tim.o(i.TIM_ITRx_SetConfig)
    TIM_ITRx_SetConfig                       0x0800474f   Thumb Code    16  stm32f1xx_hal_tim.o(i.TIM_ITRx_SetConfig)
    i.TIM_TI1_ConfigInputStage               0x0800475e   Section        0  stm32f1xx_hal_tim.o(i.TIM_TI1_ConfigInputStage)
    TIM_TI1_ConfigInputStage                 0x0800475f   Thumb Code    34  stm32f1xx_hal_tim.o(i.TIM_TI1_ConfigInputStage)
    i.TIM_TI2_ConfigInputStage               0x08004780   Section        0  stm32f1xx_hal_tim.o(i.TIM_TI2_ConfigInputStage)
    TIM_TI2_ConfigInputStage                 0x08004781   Thumb Code    36  stm32f1xx_hal_tim.o(i.TIM_TI2_ConfigInputStage)
    i.TX_Mode                                0x080047a4   Section        0  24l01.o(i.TX_Mode)
    i.Timing_Set                             0x08004810   Section        0  app.o(i.Timing_Set)
    i.To_Send_Buff                           0x080048d4   Section        0  oled.o(i.To_Send_Buff)
    i.UART_DMAAbortOnError                   0x08004918   Section        0  stm32f1xx_hal_uart.o(i.UART_DMAAbortOnError)
    UART_DMAAbortOnError                     0x08004919   Thumb Code    16  stm32f1xx_hal_uart.o(i.UART_DMAAbortOnError)
    i.UART_DMAError                          0x08004928   Section        0  stm32f1xx_hal_uart.o(i.UART_DMAError)
    UART_DMAError                            0x08004929   Thumb Code    74  stm32f1xx_hal_uart.o(i.UART_DMAError)
    i.UART_DMAReceiveCplt                    0x08004972   Section        0  stm32f1xx_hal_uart.o(i.UART_DMAReceiveCplt)
    UART_DMAReceiveCplt                      0x08004973   Thumb Code   134  stm32f1xx_hal_uart.o(i.UART_DMAReceiveCplt)
    i.UART_DMARxHalfCplt                     0x080049f8   Section        0  stm32f1xx_hal_uart.o(i.UART_DMARxHalfCplt)
    UART_DMARxHalfCplt                       0x080049f9   Thumb Code    30  stm32f1xx_hal_uart.o(i.UART_DMARxHalfCplt)
    i.UART_EndRxTransfer                     0x08004a16   Section        0  stm32f1xx_hal_uart.o(i.UART_EndRxTransfer)
    UART_EndRxTransfer                       0x08004a17   Thumb Code    78  stm32f1xx_hal_uart.o(i.UART_EndRxTransfer)
    i.UART_EndTransmit_IT                    0x08004a64   Section        0  stm32f1xx_hal_uart.o(i.UART_EndTransmit_IT)
    UART_EndTransmit_IT                      0x08004a65   Thumb Code    26  stm32f1xx_hal_uart.o(i.UART_EndTransmit_IT)
    i.UART_EndTxTransfer                     0x08004a7e   Section        0  stm32f1xx_hal_uart.o(i.UART_EndTxTransfer)
    UART_EndTxTransfer                       0x08004a7f   Thumb Code    28  stm32f1xx_hal_uart.o(i.UART_EndTxTransfer)
    i.UART_Receive_IT                        0x08004a9a   Section        0  stm32f1xx_hal_uart.o(i.UART_Receive_IT)
    UART_Receive_IT                          0x08004a9b   Thumb Code   200  stm32f1xx_hal_uart.o(i.UART_Receive_IT)
    i.UART_SetConfig                         0x08004b64   Section        0  stm32f1xx_hal_uart.o(i.UART_SetConfig)
    UART_SetConfig                           0x08004b65   Thumb Code   178  stm32f1xx_hal_uart.o(i.UART_SetConfig)
    i.UART_Start_Receive_DMA                 0x08004c1c   Section        0  stm32f1xx_hal_uart.o(i.UART_Start_Receive_DMA)
    i.UART_Transmit_IT                       0x08004cb0   Section        0  stm32f1xx_hal_uart.o(i.UART_Transmit_IT)
    UART_Transmit_IT                         0x08004cb1   Thumb Code    94  stm32f1xx_hal_uart.o(i.UART_Transmit_IT)
    i.USART1_IRQHandler                      0x08004d10   Section        0  stm32f1xx_it.o(i.USART1_IRQHandler)
    i.UsageFault_Handler                     0x08004d1c   Section        0  stm32f1xx_it.o(i.UsageFault_Handler)
    i.Usart_Debug_Run                        0x08004d20   Section        0  app.o(i.Usart_Debug_Run)
    i.Write_IIC_Command                      0x08004e14   Section        0  oled.o(i.Write_IIC_Command)
    i.Write_IIC_Data                         0x08004e38   Section        0  oled.o(i.Write_IIC_Data)
    i.__0printf                              0x08004e5c   Section        0  printfa.o(i.__0printf)
    i.__0sprintf                             0x08004e7c   Section        0  printfa.o(i.__0sprintf)
    i.__ARM_fpclassify                       0x08004ea4   Section        0  fpclassify.o(i.__ARM_fpclassify)
    i.__NVIC_SetPriority                     0x08004ecc   Section        0  stm32f1xx_hal_cortex.o(i.__NVIC_SetPriority)
    __NVIC_SetPriority                       0x08004ecd   Thumb Code    32  stm32f1xx_hal_cortex.o(i.__NVIC_SetPriority)
    i.__kernel_poly                          0x08004eec   Section        0  poly.o(i.__kernel_poly)
    i.__mathlib_dbl_divzero                  0x08004f98   Section        0  dunder.o(i.__mathlib_dbl_divzero)
    i.__mathlib_dbl_infnan2                  0x08004fa8   Section        0  dunder.o(i.__mathlib_dbl_infnan2)
    i.__mathlib_dbl_invalid                  0x08004fac   Section        0  dunder.o(i.__mathlib_dbl_invalid)
    i.__mathlib_dbl_overflow                 0x08004fb8   Section        0  dunder.o(i.__mathlib_dbl_overflow)
    i.__mathlib_dbl_underflow                0x08004fc8   Section        0  dunder.o(i.__mathlib_dbl_underflow)
    i.__scatterload_copy                     0x08004fd8   Section       14  handlers.o(i.__scatterload_copy)
    i.__scatterload_null                     0x08004fe6   Section        2  handlers.o(i.__scatterload_null)
    i.__scatterload_zeroinit                 0x08004fe8   Section       14  handlers.o(i.__scatterload_zeroinit)
    i.__set_errno                            0x08004ff8   Section        0  errno.o(i.__set_errno)
    i._fp_digits                             0x08005004   Section        0  printfa.o(i._fp_digits)
    _fp_digits                               0x08005005   Thumb Code   366  printfa.o(i._fp_digits)
    i._printf_core                           0x08005188   Section        0  printfa.o(i._printf_core)
    _printf_core                             0x08005189   Thumb Code  1744  printfa.o(i._printf_core)
    i._printf_post_padding                   0x08005864   Section        0  printfa.o(i._printf_post_padding)
    _printf_post_padding                     0x08005865   Thumb Code    36  printfa.o(i._printf_post_padding)
    i._printf_pre_padding                    0x08005888   Section        0  printfa.o(i._printf_pre_padding)
    _printf_pre_padding                      0x08005889   Thumb Code    46  printfa.o(i._printf_pre_padding)
    i._sputc                                 0x080058b6   Section        0  printfa.o(i._sputc)
    _sputc                                   0x080058b7   Thumb Code    10  printfa.o(i._sputc)
    i.arrows_to                              0x080058c0   Section        0  app.o(i.arrows_to)
    i.button_attach                          0x08005948   Section        0  key.o(i.button_attach)
    i.button_handler                         0x08005950   Section        0  key.o(i.button_handler)
    i.button_init                            0x08005b46   Section        0  key.o(i.button_init)
    i.button_start                           0x08005b74   Section        0  key.o(i.button_start)
    i.button_ticks                           0x08005b98   Section        0  key.o(i.button_ticks)
    i.fputc                                  0x08005bb4   Section        0  debug_usart.o(i.fputc)
    i.main                                   0x08005bcc   Section        0  main.o(i.main)
    i.oled_draw_bmp                          0x08005db4   Section        0  oled.o(i.oled_draw_bmp)
    i.pow                                    0x08005e38   Section        0  pow.o(i.pow)
    i.read_button1_GPIO                      0x08006810   Section        0  key.o(i.read_button1_GPIO)
    i.sqrt                                   0x0800681c   Section        0  sqrt.o(i.sqrt)
    .constdata                               0x08006868   Section       20  app.o(.constdata)
    .constdata                               0x0800687c   Section        5  24l01.o(.constdata)
    .constdata                               0x08006881   Section       18  stm32f1xx_hal_rcc.o(.constdata)
    aPredivFactorTable                       0x08006881   Data           2  stm32f1xx_hal_rcc.o(.constdata)
    aPLLMULFactorTable                       0x08006883   Data          16  stm32f1xx_hal_rcc.o(.constdata)
    .constdata                               0x08006893   Section       18  stm32f1xx_hal_rcc_ex.o(.constdata)
    aPredivFactorTable                       0x08006893   Data           2  stm32f1xx_hal_rcc_ex.o(.constdata)
    aPLLMULFactorTable                       0x08006895   Data          16  stm32f1xx_hal_rcc_ex.o(.constdata)
    .constdata                               0x080068a5   Section       16  system_stm32f1xx.o(.constdata)
    .constdata                               0x080068b5   Section        8  system_stm32f1xx.o(.constdata)
    .constdata                               0x080068c0   Section      136  pow.o(.constdata)
    bp                                       0x080068c0   Data          16  pow.o(.constdata)
    dp_h                                     0x080068d0   Data          16  pow.o(.constdata)
    dp_l                                     0x080068e0   Data          16  pow.o(.constdata)
    L                                        0x080068f0   Data          48  pow.o(.constdata)
    P                                        0x08006920   Data          40  pow.o(.constdata)
    .constdata                               0x08006948   Section        8  qnan.o(.constdata)
    .conststring                             0x08006950   Section      191  app.o(.conststring)
    .data                                    0x20000000   Section     2728  oled.o(.data)
    .data                                    0x20000aa8   Section      152  app.o(.data)
    .data                                    0x20000b40   Section        1  app.o(.data)
    .data                                    0x20000b41   Section        1  app.o(.data)
    .data                                    0x20000b44   Section        4  app.o(.data)
    .data                                    0x20000b48   Section       60  app.o(.data)
    .data                                    0x20000b84   Section        4  key.o(.data)
    head_handle                              0x20000b84   Data           4  key.o(.data)
    .data                                    0x20000b88   Section       20  debug_usart.o(.data)
    .data                                    0x20000b9c   Section        4  debug_usart.o(.data)
    .data                                    0x20000ba0   Section        5  24l01.o(.data)
    .data                                    0x20000ba6   Section        8  tim.o(.data)
    Count                                    0x20000ba6   Data           1  tim.o(.data)
    Count_Blank                              0x20000ba8   Data           2  tim.o(.data)
    Count_Power                              0x20000baa   Data           2  tim.o(.data)
    Count_Speed                              0x20000bac   Data           2  tim.o(.data)
    .data                                    0x20000bb0   Section       12  stm32f1xx_hal.o(.data)
    .data                                    0x20000bbc   Section        4  system_stm32f1xx.o(.data)
    .data                                    0x20000bc0   Section        4  errno.o(.data)
    _errno                                   0x20000bc0   Data           4  errno.o(.data)
    .bss                                     0x20000bc4   Section     1024  oled.o(.bss)
    .bss                                     0x20000fc4   Section       52  app.o(.bss)
    .bss                                     0x20000ff8   Section       40  key.o(.bss)
    .bss                                     0x20001020   Section       34  debug_usart.o(.bss)
    .bss                                     0x20001044   Section       48  adc.o(.bss)
    .bss                                     0x20001074   Section       84  i2c.o(.bss)
    .bss                                     0x200010c8   Section      216  tim.o(.bss)
    .bss                                     0x200011a0   Section      140  usart.o(.bss)
    STACK                                    0x20001230   Section     1024  startup_stm32f103x6.o(STACK)

    Global Symbols

    Symbol Name                              Value     Ov Type        Size  Object(Section)

    BuildAttributes$$THM_ISAv4$P$D$K$B$S$PE$A:L22UL41UL21$X:L11$S22US41US21$IEEE1$IW$USESV6$~STKCKD$USESV7$~SHL$OTIME$ROPI$IEEEX$EBA8$MICROLIB$REQ8$PRES8$EABIv2 0x00000000   Number         0  anon$$obj.o ABSOLUTE
    __ARM_use_no_argv                        0x00000000   Number         0  main.o ABSOLUTE
    __use_no_errno                           0x00000000   Number         0  useno.o ABSOLUTE
    __use_no_exception_handling              0x00000000   Number         0  useno.o ABSOLUTE
    __use_no_fp                              0x00000000   Number         0  useno.o ABSOLUTE
    __use_no_heap                            0x00000000   Number         0  useno.o ABSOLUTE
    __use_no_heap_region                     0x00000000   Number         0  useno.o ABSOLUTE
    __use_no_semihosting                     0x00000000   Number         0  useno.o ABSOLUTE
    __use_no_semihosting_swi                 0x00000000   Number         0  useno.o ABSOLUTE
    __use_no_signal_handling                 0x00000000   Number         0  useno.o ABSOLUTE
    _printf_a                                0x00000000   Number         0  stubs.o ABSOLUTE
    _printf_c                                0x00000000   Number         0  stubs.o ABSOLUTE
    _printf_charcount                        0x00000000   Number         0  stubs.o ABSOLUTE
    _printf_d                                0x00000000   Number         0  stubs.o ABSOLUTE
    _printf_e                                0x00000000   Number         0  stubs.o ABSOLUTE
    _printf_f                                0x00000000   Number         0  stubs.o ABSOLUTE
    _printf_flags                            0x00000000   Number         0  stubs.o ABSOLUTE
    _printf_fp_dec                           0x00000000   Number         0  stubs.o ABSOLUTE
    _printf_fp_hex                           0x00000000   Number         0  stubs.o ABSOLUTE
    _printf_g                                0x00000000   Number         0  stubs.o ABSOLUTE
    _printf_i                                0x00000000   Number         0  stubs.o ABSOLUTE
    _printf_int_dec                          0x00000000   Number         0  stubs.o ABSOLUTE
    _printf_l                                0x00000000   Number         0  stubs.o ABSOLUTE
    _printf_lc                               0x00000000   Number         0  stubs.o ABSOLUTE
    _printf_ll                               0x00000000   Number         0  stubs.o ABSOLUTE
    _printf_lld                              0x00000000   Number         0  stubs.o ABSOLUTE
    _printf_lli                              0x00000000   Number         0  stubs.o ABSOLUTE
    _printf_llo                              0x00000000   Number         0  stubs.o ABSOLUTE
    _printf_llu                              0x00000000   Number         0  stubs.o ABSOLUTE
    _printf_llx                              0x00000000   Number         0  stubs.o ABSOLUTE
    _printf_longlong_dec                     0x00000000   Number         0  stubs.o ABSOLUTE
    _printf_longlong_hex                     0x00000000   Number         0  stubs.o ABSOLUTE
    _printf_longlong_oct                     0x00000000   Number         0  stubs.o ABSOLUTE
    _printf_ls                               0x00000000   Number         0  stubs.o ABSOLUTE
    _printf_mbtowc                           0x00000000   Number         0  stubs.o ABSOLUTE
    _printf_n                                0x00000000   Number         0  stubs.o ABSOLUTE
    _printf_o                                0x00000000   Number         0  stubs.o ABSOLUTE
    _printf_p                                0x00000000   Number         0  stubs.o ABSOLUTE
    _printf_percent                          0x00000000   Number         0  stubs.o ABSOLUTE
    _printf_pre_padding                      0x00000000   Number         0  stubs.o ABSOLUTE
    _printf_return_value                     0x00000000   Number         0  stubs.o ABSOLUTE
    _printf_s                                0x00000000   Number         0  stubs.o ABSOLUTE
    _printf_sizespec                         0x00000000   Number         0  stubs.o ABSOLUTE
    _printf_str                              0x00000000   Number         0  stubs.o ABSOLUTE
    _printf_truncate_signed                  0x00000000   Number         0  stubs.o ABSOLUTE
    _printf_truncate_unsigned                0x00000000   Number         0  stubs.o ABSOLUTE
    _printf_u                                0x00000000   Number         0  stubs.o ABSOLUTE
    _printf_wc                               0x00000000   Number         0  stubs.o ABSOLUTE
    _printf_wctomb                           0x00000000   Number         0  stubs.o ABSOLUTE
    _printf_widthprec                        0x00000000   Number         0  stubs.o ABSOLUTE
    _printf_x                                0x00000000   Number         0  stubs.o ABSOLUTE
    __cpp_initialize__aeabi_                  - Undefined Weak Reference
    __cxa_finalize                            - Undefined Weak Reference
    _clock_init                               - Undefined Weak Reference
    _microlib_exit                            - Undefined Weak Reference
    __Vectors_Size                           0x000000ec   Number         0  startup_stm32f103x6.o ABSOLUTE
    __Vectors                                0x08000000   Data           4  startup_stm32f103x6.o(RESET)
    __Vectors_End                            0x080000ec   Data           0  startup_stm32f103x6.o(RESET)
    __main                                   0x080000ed   Thumb Code     0  entry.o(.ARM.Collect$$$$00000000)
    _main_stk                                0x080000ed   Thumb Code     0  entry2.o(.ARM.Collect$$$$00000001)
    _main_scatterload                        0x080000f1   Thumb Code     0  entry5.o(.ARM.Collect$$$$00000004)
    __main_after_scatterload                 0x080000f5   Thumb Code     0  entry5.o(.ARM.Collect$$$$00000004)
    _main_clock                              0x080000f5   Thumb Code     0  entry7b.o(.ARM.Collect$$$$00000008)
    _main_cpp_init                           0x080000f5   Thumb Code     0  entry8b.o(.ARM.Collect$$$$0000000A)
    _main_init                               0x080000f5   Thumb Code     0  entry9a.o(.ARM.Collect$$$$0000000B)
    __rt_final_cpp                           0x080000fd   Thumb Code     0  entry10a.o(.ARM.Collect$$$$0000000D)
    __rt_final_exit                          0x080000fd   Thumb Code     0  entry11a.o(.ARM.Collect$$$$0000000F)
    Reset_Handler                            0x08000101   Thumb Code     8  startup_stm32f103x6.o(.text)
    ADC1_2_IRQHandler                        0x0800011b   Thumb Code     0  startup_stm32f103x6.o(.text)
    CAN1_RX1_IRQHandler                      0x0800011b   Thumb Code     0  startup_stm32f103x6.o(.text)
    CAN1_SCE_IRQHandler                      0x0800011b   Thumb Code     0  startup_stm32f103x6.o(.text)
    DMA1_Channel1_IRQHandler                 0x0800011b   Thumb Code     0  startup_stm32f103x6.o(.text)
    DMA1_Channel2_IRQHandler                 0x0800011b   Thumb Code     0  startup_stm32f103x6.o(.text)
    DMA1_Channel3_IRQHandler                 0x0800011b   Thumb Code     0  startup_stm32f103x6.o(.text)
    DMA1_Channel4_IRQHandler                 0x0800011b   Thumb Code     0  startup_stm32f103x6.o(.text)
    DMA1_Channel6_IRQHandler                 0x0800011b   Thumb Code     0  startup_stm32f103x6.o(.text)
    DMA1_Channel7_IRQHandler                 0x0800011b   Thumb Code     0  startup_stm32f103x6.o(.text)
    EXTI0_IRQHandler                         0x0800011b   Thumb Code     0  startup_stm32f103x6.o(.text)
    EXTI15_10_IRQHandler                     0x0800011b   Thumb Code     0  startup_stm32f103x6.o(.text)
    EXTI1_IRQHandler                         0x0800011b   Thumb Code     0  startup_stm32f103x6.o(.text)
    EXTI2_IRQHandler                         0x0800011b   Thumb Code     0  startup_stm32f103x6.o(.text)
    EXTI3_IRQHandler                         0x0800011b   Thumb Code     0  startup_stm32f103x6.o(.text)
    EXTI4_IRQHandler                         0x0800011b   Thumb Code     0  startup_stm32f103x6.o(.text)
    EXTI9_5_IRQHandler                       0x0800011b   Thumb Code     0  startup_stm32f103x6.o(.text)
    FLASH_IRQHandler                         0x0800011b   Thumb Code     0  startup_stm32f103x6.o(.text)
    I2C1_ER_IRQHandler                       0x0800011b   Thumb Code     0  startup_stm32f103x6.o(.text)
    I2C1_EV_IRQHandler                       0x0800011b   Thumb Code     0  startup_stm32f103x6.o(.text)
    PVD_IRQHandler                           0x0800011b   Thumb Code     0  startup_stm32f103x6.o(.text)
    RCC_IRQHandler                           0x0800011b   Thumb Code     0  startup_stm32f103x6.o(.text)
    RTC_Alarm_IRQHandler                     0x0800011b   Thumb Code     0  startup_stm32f103x6.o(.text)
    RTC_IRQHandler                           0x0800011b   Thumb Code     0  startup_stm32f103x6.o(.text)
    SPI1_IRQHandler                          0x0800011b   Thumb Code     0  startup_stm32f103x6.o(.text)
    TAMPER_IRQHandler                        0x0800011b   Thumb Code     0  startup_stm32f103x6.o(.text)
    TIM1_BRK_IRQHandler                      0x0800011b   Thumb Code     0  startup_stm32f103x6.o(.text)
    TIM1_CC_IRQHandler                       0x0800011b   Thumb Code     0  startup_stm32f103x6.o(.text)
    TIM1_TRG_COM_IRQHandler                  0x0800011b   Thumb Code     0  startup_stm32f103x6.o(.text)
    TIM1_UP_IRQHandler                       0x0800011b   Thumb Code     0  startup_stm32f103x6.o(.text)
    TIM2_IRQHandler                          0x0800011b   Thumb Code     0  startup_stm32f103x6.o(.text)
    USART2_IRQHandler                        0x0800011b   Thumb Code     0  startup_stm32f103x6.o(.text)
    USBWakeUp_IRQHandler                     0x0800011b   Thumb Code     0  startup_stm32f103x6.o(.text)
    USB_HP_CAN1_TX_IRQHandler                0x0800011b   Thumb Code     0  startup_stm32f103x6.o(.text)
    USB_LP_CAN1_RX0_IRQHandler               0x0800011b   Thumb Code     0  startup_stm32f103x6.o(.text)
    WWDG_IRQHandler                          0x0800011b   Thumb Code     0  startup_stm32f103x6.o(.text)
    __aeabi_llsr                             0x08000125   Thumb Code    32  llushr.o(.text)
    _ll_ushift_r                             0x08000125   Thumb Code     0  llushr.o(.text)
    __aeabi_memcpy                           0x08000145   Thumb Code    36  memcpya.o(.text)
    __aeabi_memcpy4                          0x08000145   Thumb Code     0  memcpya.o(.text)
    __aeabi_memcpy8                          0x08000145   Thumb Code     0  memcpya.o(.text)
    __aeabi_memset                           0x08000169   Thumb Code    14  memseta.o(.text)
    __aeabi_memset4                          0x08000169   Thumb Code     0  memseta.o(.text)
    __aeabi_memset8                          0x08000169   Thumb Code     0  memseta.o(.text)
    __aeabi_memclr                           0x08000177   Thumb Code     4  memseta.o(.text)
    __aeabi_memclr4                          0x08000177   Thumb Code     0  memseta.o(.text)
    __aeabi_memclr8                          0x08000177   Thumb Code     0  memseta.o(.text)
    _memset$wrapper                          0x0800017b   Thumb Code    18  memseta.o(.text)
    strstr                                   0x0800018d   Thumb Code    36  strstr.o(.text)
    strchr                                   0x080001b1   Thumb Code    20  strchr.o(.text)
    strlen                                   0x080001c5   Thumb Code    14  strlen.o(.text)
    __aeabi_fadd                             0x080001d3   Thumb Code   164  fadd.o(.text)
    __aeabi_fsub                             0x08000277   Thumb Code     6  fadd.o(.text)
    __aeabi_frsub                            0x0800027d   Thumb Code     6  fadd.o(.text)
    __aeabi_fmul                             0x08000283   Thumb Code   100  fmul.o(.text)
    __aeabi_dadd                             0x080002e7   Thumb Code   322  dadd.o(.text)
    __aeabi_dsub                             0x08000429   Thumb Code     6  dadd.o(.text)
    __aeabi_drsub                            0x0800042f   Thumb Code     6  dadd.o(.text)
    __aeabi_dmul                             0x08000435   Thumb Code   228  dmul.o(.text)
    __aeabi_ddiv                             0x08000519   Thumb Code   222  ddiv.o(.text)
    __aeabi_i2f                              0x080005f7   Thumb Code    18  fflti.o(.text)
    __aeabi_ui2f                             0x08000609   Thumb Code    10  ffltui.o(.text)
    __aeabi_ui2d                             0x08000613   Thumb Code    26  dfltui.o(.text)
    __aeabi_f2uiz                            0x0800062d   Thumb Code    40  ffixui.o(.text)
    __aeabi_d2uiz                            0x08000655   Thumb Code    50  dfixui.o(.text)
    __aeabi_f2d                              0x08000687   Thumb Code    38  f2d.o(.text)
    __aeabi_d2f                              0x080006ad   Thumb Code    56  d2f.o(.text)
    __aeabi_uidiv                            0x080006e5   Thumb Code     0  uidiv.o(.text)
    __aeabi_uidivmod                         0x080006e5   Thumb Code    44  uidiv.o(.text)
    __aeabi_uldivmod                         0x08000711   Thumb Code    98  uldiv.o(.text)
    __aeabi_llsl                             0x08000773   Thumb Code    30  llshl.o(.text)
    _ll_shift_l                              0x08000773   Thumb Code     0  llshl.o(.text)
    __aeabi_lasr                             0x08000791   Thumb Code    36  llsshr.o(.text)
    _ll_sshift_r                             0x08000791   Thumb Code     0  llsshr.o(.text)
    __I$use$fp                               0x080007b5   Thumb Code     0  iusefp.o(.text)
    _float_round                             0x080007b5   Thumb Code    18  fepilogue.o(.text)
    _float_epilogue                          0x080007c7   Thumb Code    92  fepilogue.o(.text)
    _double_round                            0x08000823   Thumb Code    30  depilogue.o(.text)
    _double_epilogue                         0x08000841   Thumb Code   156  depilogue.o(.text)
    __ARM_scalbn                             0x080008dd   Thumb Code    46  dscalb.o(.text)
    scalbn                                   0x080008dd   Thumb Code     0  dscalb.o(.text)
    __aeabi_i2d                              0x0800090b   Thumb Code    34  dflti.o(.text)
    __aeabi_d2ulz                            0x0800092d   Thumb Code    48  dfixul.o(.text)
    __aeabi_cdrcmple                         0x0800095d   Thumb Code    48  cdrcmple.o(.text)
    __scatterload                            0x0800098d   Thumb Code    28  init.o(.text)
    __scatterload_rt2                        0x0800098d   Thumb Code     0  init.o(.text)
    _dsqrt                                   0x080009b1   Thumb Code   162  dsqrt.o(.text)
    __decompress                             0x08000a53   Thumb Code     0  __dczerorl2.o(.text)
    __decompress1                            0x08000a53   Thumb Code    86  __dczerorl2.o(.text)
    ADC_ConversionStop_Disable               0x08000aa9   Thumb Code    84  stm32f1xx_hal_adc.o(i.ADC_ConversionStop_Disable)
    ADC_Enable                               0x08000afd   Thumb Code   118  stm32f1xx_hal_adc.o(i.ADC_Enable)
    Analytic_Parameter                       0x08000b7d   Thumb Code   264  app.o(i.Analytic_Parameter)
    Analytic_Parameter_NRF                   0x08000cc5   Thumb Code   254  app.o(i.Analytic_Parameter_NRF)
    BTN1_DOUBLE_Click_Handler                0x08000e09   Thumb Code    48  key.o(i.BTN1_DOUBLE_Click_Handler)
    BTN1_LONG_PRESS_START_Handler            0x08000e55   Thumb Code    12  key.o(i.BTN1_LONG_PRESS_START_Handler)
    BTN1_PRESS_REPEAT_Handler                0x08000e71   Thumb Code    42  key.o(i.BTN1_PRESS_REPEAT_Handler)
    BTN1_SINGLE_Click_Handler                0x08000eb5   Thumb Code   124  key.o(i.BTN1_SINGLE_Click_Handler)
    BusFault_Handler                         0x08000f6d   Thumb Code     2  stm32f1xx_it.o(i.BusFault_Handler)
    DMA1_Channel5_IRQHandler                 0x08000f71   Thumb Code     6  stm32f1xx_it.o(i.DMA1_Channel5_IRQHandler)
    DebugMon_Handler                         0x08000fa9   Thumb Code     2  stm32f1xx_it.o(i.DebugMon_Handler)
    Error_Handler                            0x08001069   Thumb Code     4  main.o(i.Error_Handler)
    Get_ADC                                  0x0800106d   Thumb Code   112  app.o(i.Get_ADC)
    Get_EC11                                 0x080010f5   Thumb Code    38  get_ec11.o(i.Get_EC11)
    HAL_ADCEx_Calibration_Start              0x08001125   Thumb Code   238  stm32f1xx_hal_adc_ex.o(i.HAL_ADCEx_Calibration_Start)
    HAL_ADC_ConfigChannel                    0x08001219   Thumb Code   250  stm32f1xx_hal_adc.o(i.HAL_ADC_ConfigChannel)
    HAL_ADC_GetValue                         0x08001321   Thumb Code     6  stm32f1xx_hal_adc.o(i.HAL_ADC_GetValue)
    HAL_ADC_Init                             0x08001329   Thumb Code   272  stm32f1xx_hal_adc.o(i.HAL_ADC_Init)
    HAL_ADC_MspInit                          0x08001441   Thumb Code    76  adc.o(i.HAL_ADC_MspInit)
    HAL_ADC_PollForConversion                0x08001499   Thumb Code   320  stm32f1xx_hal_adc.o(i.HAL_ADC_PollForConversion)
    HAL_ADC_Start                            0x080015e5   Thumb Code   200  stm32f1xx_hal_adc.o(i.HAL_ADC_Start)
    HAL_DMA_Abort                            0x080016b5   Thumb Code    70  stm32f1xx_hal_dma.o(i.HAL_DMA_Abort)
    HAL_DMA_Abort_IT                         0x080016fd   Thumb Code   148  stm32f1xx_hal_dma.o(i.HAL_DMA_Abort_IT)
    HAL_DMA_IRQHandler                       0x08001795   Thumb Code   336  stm32f1xx_hal_dma.o(i.HAL_DMA_IRQHandler)
    HAL_DMA_Init                             0x080018fd   Thumb Code    90  stm32f1xx_hal_dma.o(i.HAL_DMA_Init)
    HAL_DMA_Start_IT                         0x08001961   Thumb Code   116  stm32f1xx_hal_dma.o(i.HAL_DMA_Start_IT)
    HAL_Delay                                0x080019d5   Thumb Code    32  stm32f1xx_hal.o(i.HAL_Delay)
    HAL_GPIO_Init                            0x080019f9   Thumb Code   450  stm32f1xx_hal_gpio.o(i.HAL_GPIO_Init)
    HAL_GPIO_ReadPin                         0x08001bd9   Thumb Code    14  stm32f1xx_hal_gpio.o(i.HAL_GPIO_ReadPin)
    HAL_GPIO_WritePin                        0x08001be7   Thumb Code    14  stm32f1xx_hal_gpio.o(i.HAL_GPIO_WritePin)
    HAL_GetTick                              0x08001bf5   Thumb Code     6  stm32f1xx_hal.o(i.HAL_GetTick)
    HAL_I2C_Init                             0x08001c01   Thumb Code   392  stm32f1xx_hal_i2c.o(i.HAL_I2C_Init)
    HAL_I2C_Mem_Write                        0x08001d99   Thumb Code   316  stm32f1xx_hal_i2c.o(i.HAL_I2C_Mem_Write)
    HAL_I2C_MspInit                          0x08001edd   Thumb Code    80  i2c.o(i.HAL_I2C_MspInit)
    HAL_IncTick                              0x08001f39   Thumb Code    12  stm32f1xx_hal.o(i.HAL_IncTick)
    HAL_Init                                 0x08001f49   Thumb Code    32  stm32f1xx_hal.o(i.HAL_Init)
    HAL_InitTick                             0x08001f6d   Thumb Code    58  stm32f1xx_hal.o(i.HAL_InitTick)
    HAL_MspInit                              0x08001fb1   Thumb Code    52  stm32f1xx_hal_msp.o(i.HAL_MspInit)
    HAL_NVIC_EnableIRQ                       0x08001fed   Thumb Code    26  stm32f1xx_hal_cortex.o(i.HAL_NVIC_EnableIRQ)
    HAL_NVIC_SetPriority                     0x08002009   Thumb Code    60  stm32f1xx_hal_cortex.o(i.HAL_NVIC_SetPriority)
    HAL_NVIC_SetPriorityGrouping             0x08002049   Thumb Code    26  stm32f1xx_hal_cortex.o(i.HAL_NVIC_SetPriorityGrouping)
    HAL_PWR_EnterSTANDBYMode                 0x0800206d   Thumb Code    24  stm32f1xx_hal_pwr.o(i.HAL_PWR_EnterSTANDBYMode)
    HAL_RCCEx_GetPeriphCLKFreq               0x0800208d   Thumb Code   152  stm32f1xx_hal_rcc_ex.o(i.HAL_RCCEx_GetPeriphCLKFreq)
    HAL_RCCEx_PeriphCLKConfig                0x08002135   Thumb Code   256  stm32f1xx_hal_rcc_ex.o(i.HAL_RCCEx_PeriphCLKConfig)
    HAL_RCC_ClockConfig                      0x08002241   Thumb Code   318  stm32f1xx_hal_rcc.o(i.HAL_RCC_ClockConfig)
    HAL_RCC_GetHCLKFreq                      0x08002395   Thumb Code     6  stm32f1xx_hal_rcc.o(i.HAL_RCC_GetHCLKFreq)
    HAL_RCC_GetPCLK1Freq                     0x080023a1   Thumb Code    22  stm32f1xx_hal_rcc.o(i.HAL_RCC_GetPCLK1Freq)
    HAL_RCC_GetPCLK2Freq                     0x080023c1   Thumb Code    22  stm32f1xx_hal_rcc.o(i.HAL_RCC_GetPCLK2Freq)
    HAL_RCC_GetSysClockFreq                  0x080023e1   Thumb Code    58  stm32f1xx_hal_rcc.o(i.HAL_RCC_GetSysClockFreq)
    HAL_RCC_OscConfig                        0x0800242d   Thumb Code   882  stm32f1xx_hal_rcc.o(i.HAL_RCC_OscConfig)
    HAL_SYSTICK_Config                       0x080027b1   Thumb Code    40  stm32f1xx_hal_cortex.o(i.HAL_SYSTICK_Config)
    HAL_TIMEx_BreakCallback                  0x080027d9   Thumb Code     2  stm32f1xx_hal_tim_ex.o(i.HAL_TIMEx_BreakCallback)
    HAL_TIMEx_CommutCallback                 0x080027db   Thumb Code     2  stm32f1xx_hal_tim_ex.o(i.HAL_TIMEx_CommutCallback)
    HAL_TIMEx_MasterConfigSynchronization    0x080027dd   Thumb Code    84  stm32f1xx_hal_tim_ex.o(i.HAL_TIMEx_MasterConfigSynchronization)
    HAL_TIM_Base_Init                        0x08002839   Thumb Code    74  stm32f1xx_hal_tim.o(i.HAL_TIM_Base_Init)
    HAL_TIM_Base_MspInit                     0x08002885   Thumb Code    72  tim.o(i.HAL_TIM_Base_MspInit)
    HAL_TIM_Base_Start_IT                    0x080028d9   Thumb Code    80  stm32f1xx_hal_tim.o(i.HAL_TIM_Base_Start_IT)
    HAL_TIM_ConfigClockSource                0x08002931   Thumb Code   232  stm32f1xx_hal_tim.o(i.HAL_TIM_ConfigClockSource)
    HAL_TIM_Encoder_Init                     0x08002a19   Thumb Code   176  stm32f1xx_hal_tim.o(i.HAL_TIM_Encoder_Init)
    HAL_TIM_Encoder_MspInit                  0x08002ac9   Thumb Code    76  tim.o(i.HAL_TIM_Encoder_MspInit)
    HAL_TIM_Encoder_Start                    0x08002b1d   Thumb Code   168  stm32f1xx_hal_tim.o(i.HAL_TIM_Encoder_Start)
    HAL_TIM_IC_CaptureCallback               0x08002bc5   Thumb Code     2  stm32f1xx_hal_tim.o(i.HAL_TIM_IC_CaptureCallback)
    HAL_TIM_IRQHandler                       0x08002bc7   Thumb Code   312  stm32f1xx_hal_tim.o(i.HAL_TIM_IRQHandler)
    HAL_TIM_OC_DelayElapsedCallback          0x08002cff   Thumb Code     2  stm32f1xx_hal_tim.o(i.HAL_TIM_OC_DelayElapsedCallback)
    HAL_TIM_PWM_PulseFinishedCallback        0x08002d01   Thumb Code     2  stm32f1xx_hal_tim.o(i.HAL_TIM_PWM_PulseFinishedCallback)
    HAL_TIM_PeriodElapsedCallback            0x08002d05   Thumb Code   122  tim.o(i.HAL_TIM_PeriodElapsedCallback)
    HAL_TIM_TriggerCallback                  0x08002d99   Thumb Code     2  stm32f1xx_hal_tim.o(i.HAL_TIM_TriggerCallback)
    HAL_UARTEx_ReceiveToIdle_DMA             0x08002d9b   Thumb Code    82  stm32f1xx_hal_uart.o(i.HAL_UARTEx_ReceiveToIdle_DMA)
    HAL_UARTEx_RxEventCallback               0x08002ded   Thumb Code    16  usart.o(i.HAL_UARTEx_RxEventCallback)
    HAL_UART_DMAStop                         0x08002e05   Thumb Code   112  stm32f1xx_hal_uart.o(i.HAL_UART_DMAStop)
    HAL_UART_ErrorCallback                   0x08002e75   Thumb Code     2  stm32f1xx_hal_uart.o(i.HAL_UART_ErrorCallback)
    HAL_UART_IRQHandler                      0x08002e79   Thumb Code   554  stm32f1xx_hal_uart.o(i.HAL_UART_IRQHandler)
    HAL_UART_Init                            0x080030a9   Thumb Code   102  stm32f1xx_hal_uart.o(i.HAL_UART_Init)
    HAL_UART_MspInit                         0x08003111   Thumb Code   154  usart.o(i.HAL_UART_MspInit)
    HAL_UART_RxCpltCallback                  0x080031c1   Thumb Code     2  stm32f1xx_hal_uart.o(i.HAL_UART_RxCpltCallback)
    HAL_UART_RxHalfCpltCallback              0x080031c3   Thumb Code     2  stm32f1xx_hal_uart.o(i.HAL_UART_RxHalfCpltCallback)
    HAL_UART_TxCpltCallback                  0x080031c5   Thumb Code     2  stm32f1xx_hal_uart.o(i.HAL_UART_TxCpltCallback)
    HardFault_Handler                        0x080031c7   Thumb Code     2  stm32f1xx_it.o(i.HardFault_Handler)
    Hex_To_Dec                               0x080031c9   Thumb Code    62  app.o(i.Hex_To_Dec)
    Hex_To_Float                             0x08003209   Thumb Code   164  app.o(i.Hex_To_Float)
    MX_ADC1_Init                             0x080035d9   Thumb Code    70  adc.o(i.MX_ADC1_Init)
    MX_DMA_Init                              0x08003629   Thumb Code    40  dma.o(i.MX_DMA_Init)
    MX_GPIO_Init                             0x08003655   Thumb Code   208  gpio.o(i.MX_GPIO_Init)
    MX_I2C1_Init                             0x08003731   Thumb Code    50  i2c.o(i.MX_I2C1_Init)
    MX_TIM1_Init                             0x08003771   Thumb Code    96  tim.o(i.MX_TIM1_Init)
    MX_TIM2_Init                             0x080037d9   Thumb Code    96  tim.o(i.MX_TIM2_Init)
    MX_TIM3_Init                             0x0800383d   Thumb Code    94  tim.o(i.MX_TIM3_Init)
    MX_USART1_UART_Init                      0x080038a5   Thumb Code    48  usart.o(i.MX_USART1_UART_Init)
    MemManage_Handler                        0x080038dd   Thumb Code     2  stm32f1xx_it.o(i.MemManage_Handler)
    Menu_Detection                           0x080038e1   Thumb Code   178  app.o(i.Menu_Detection)
    Menu_Interface                           0x080039e9   Thumb Code   234  app.o(i.Menu_Interface)
    Menu_Set                                 0x08003b0d   Thumb Code   504  app.o(i.Menu_Set)
    Menu_Study                               0x08003d75   Thumb Code   516  app.o(i.Menu_Study)
    NMI_Handler                              0x08003fbd   Thumb Code     2  stm32f1xx_it.o(i.NMI_Handler)
    NRF24L01_Check                           0x08003fc1   Thumb Code    62  24l01.o(i.NRF24L01_Check)
    NRF24L01_Read_Buf                        0x08004009   Thumb Code    68  24l01.o(i.NRF24L01_Read_Buf)
    NRF24L01_Read_Reg                        0x08004051   Thumb Code    44  24l01.o(i.NRF24L01_Read_Reg)
    NRF24L01_RxPacket                        0x08004081   Thumb Code    50  24l01.o(i.NRF24L01_RxPacket)
    NRF24L01_TxPacket                        0x080040b5   Thumb Code    92  24l01.o(i.NRF24L01_TxPacket)
    NRF24L01_Write_Buf                       0x08004115   Thumb Code    68  24l01.o(i.NRF24L01_Write_Buf)
    NRF24L01_Write_Reg                       0x0800415d   Thumb Code    46  24l01.o(i.NRF24L01_Write_Reg)
    NRF_Send                                 0x08004191   Thumb Code    82  app.o(i.NRF_Send)
    OLED_Clear                               0x08004205   Thumb Code    34  oled.o(i.OLED_Clear)
    OLED_ClearPoint                          0x0800422d   Thumb Code    24  oled.o(i.OLED_ClearPoint)
    OLED_DrawPoint                           0x08004249   Thumb Code    24  oled.o(i.OLED_DrawPoint)
    OLED_Init                                0x08004265   Thumb Code   222  oled.o(i.OLED_Init)
    OLED_Set_Pos                             0x08004343   Thumb Code    40  oled.o(i.OLED_Set_Pos)
    OLED_ShowCHinese                         0x0800436d   Thumb Code    70  oled.o(i.OLED_ShowCHinese)
    OLED_ShowChar                            0x080043b9   Thumb Code    80  oled.o(i.OLED_ShowChar)
    OLED_ShowString                          0x08004411   Thumb Code    46  oled.o(i.OLED_ShowString)
    OLED_Show_One_Chinese                    0x08004441   Thumb Code   114  oled.o(i.OLED_Show_One_Chinese)
    OLED_WR_Byte                             0x080044bd   Thumb Code    16  oled.o(i.OLED_WR_Byte)
    Oled_Center                              0x080044cd   Thumb Code    34  oled.o(i.Oled_Center)
    Oled_Send_Buff                           0x080044f1   Thumb Code    62  oled.o(i.Oled_Send_Buff)
    PendSV_Handler                           0x08004535   Thumb Code     2  stm32f1xx_it.o(i.PendSV_Handler)
    RX_Mode                                  0x0800455d   Thumb Code    86  24l01.o(i.RX_Mode)
    SPI_ReadWriteByte                        0x080045bd   Thumb Code   100  24l01.o(i.SPI_ReadWriteByte)
    SVC_Handler                              0x08004625   Thumb Code     2  stm32f1xx_it.o(i.SVC_Handler)
    SysTick_Handler                          0x08004627   Thumb Code     4  stm32f1xx_it.o(i.SysTick_Handler)
    SystemClock_Config                       0x0800462b   Thumb Code   122  main.o(i.SystemClock_Config)
    SystemInit                               0x080046a5   Thumb Code     2  system_stm32f1xx.o(i.SystemInit)
    TIM3_IRQHandler                          0x080046a9   Thumb Code     6  stm32f1xx_it.o(i.TIM3_IRQHandler)
    TIM_Base_SetConfig                       0x080046b5   Thumb Code    98  stm32f1xx_hal_tim.o(i.TIM_Base_SetConfig)
    TIM_CCxChannelCmd                        0x08004721   Thumb Code    26  stm32f1xx_hal_tim.o(i.TIM_CCxChannelCmd)
    TIM_ETR_SetConfig                        0x0800473b   Thumb Code    20  stm32f1xx_hal_tim.o(i.TIM_ETR_SetConfig)
    TX_Mode                                  0x080047a5   Thumb Code    96  24l01.o(i.TX_Mode)
    Timing_Set                               0x08004811   Thumb Code   164  app.o(i.Timing_Set)
    To_Send_Buff                             0x080048d5   Thumb Code    62  oled.o(i.To_Send_Buff)
    UART_Start_Receive_DMA                   0x08004c1d   Thumb Code   134  stm32f1xx_hal_uart.o(i.UART_Start_Receive_DMA)
    USART1_IRQHandler                        0x08004d11   Thumb Code     6  stm32f1xx_it.o(i.USART1_IRQHandler)
    UsageFault_Handler                       0x08004d1d   Thumb Code     2  stm32f1xx_it.o(i.UsageFault_Handler)
    Usart_Debug_Run                          0x08004d21   Thumb Code   206  app.o(i.Usart_Debug_Run)
    Write_IIC_Command                        0x08004e15   Thumb Code    32  oled.o(i.Write_IIC_Command)
    Write_IIC_Data                           0x08004e39   Thumb Code    32  oled.o(i.Write_IIC_Data)
    __0printf                                0x08004e5d   Thumb Code    22  printfa.o(i.__0printf)
    __1printf                                0x08004e5d   Thumb Code     0  printfa.o(i.__0printf)
    __2printf                                0x08004e5d   Thumb Code     0  printfa.o(i.__0printf)
    __c89printf                              0x08004e5d   Thumb Code     0  printfa.o(i.__0printf)
    printf                                   0x08004e5d   Thumb Code     0  printfa.o(i.__0printf)
    __0sprintf                               0x08004e7d   Thumb Code    34  printfa.o(i.__0sprintf)
    __1sprintf                               0x08004e7d   Thumb Code     0  printfa.o(i.__0sprintf)
    __2sprintf                               0x08004e7d   Thumb Code     0  printfa.o(i.__0sprintf)
    __c89sprintf                             0x08004e7d   Thumb Code     0  printfa.o(i.__0sprintf)
    sprintf                                  0x08004e7d   Thumb Code     0  printfa.o(i.__0sprintf)
    __ARM_fpclassify                         0x08004ea5   Thumb Code    40  fpclassify.o(i.__ARM_fpclassify)
    __kernel_poly                            0x08004eed   Thumb Code   170  poly.o(i.__kernel_poly)
    __mathlib_dbl_divzero                    0x08004f99   Thumb Code    12  dunder.o(i.__mathlib_dbl_divzero)
    __mathlib_dbl_infnan2                    0x08004fa9   Thumb Code     4  dunder.o(i.__mathlib_dbl_infnan2)
    __mathlib_dbl_invalid                    0x08004fad   Thumb Code    12  dunder.o(i.__mathlib_dbl_invalid)
    __mathlib_dbl_overflow                   0x08004fb9   Thumb Code    14  dunder.o(i.__mathlib_dbl_overflow)
    __mathlib_dbl_underflow                  0x08004fc9   Thumb Code    10  dunder.o(i.__mathlib_dbl_underflow)
    __scatterload_copy                       0x08004fd9   Thumb Code    14  handlers.o(i.__scatterload_copy)
    __scatterload_null                       0x08004fe7   Thumb Code     2  handlers.o(i.__scatterload_null)
    __scatterload_zeroinit                   0x08004fe9   Thumb Code    14  handlers.o(i.__scatterload_zeroinit)
    __set_errno                              0x08004ff9   Thumb Code     6  errno.o(i.__set_errno)
    arrows_to                                0x080058c1   Thumb Code   126  app.o(i.arrows_to)
    button_attach                            0x08005949   Thumb Code     8  key.o(i.button_attach)
    button_handler                           0x08005951   Thumb Code   502  key.o(i.button_handler)
    button_init                              0x08005b47   Thumb Code    46  key.o(i.button_init)
    button_start                             0x08005b75   Thumb Code    32  key.o(i.button_start)
    button_ticks                             0x08005b99   Thumb Code    22  key.o(i.button_ticks)
    fputc                                    0x08005bb5   Thumb Code    18  debug_usart.o(i.fputc)
    main                                     0x08005bcd   Thumb Code   382  main.o(i.main)
    oled_draw_bmp                            0x08005db5   Thumb Code   130  oled.o(i.oled_draw_bmp)
    pow                                      0x08005e39   Thumb Code  2512  pow.o(i.pow)
    read_button1_GPIO                        0x08006811   Thumb Code     8  key.o(i.read_button1_GPIO)
    sqrt                                     0x0800681d   Thumb Code    76  sqrt.o(i.sqrt)
    RX_ADDRESS                               0x0800687c   Data           5  24l01.o(.constdata)
    AHBPrescTable                            0x080068a5   Data          16  system_stm32f1xx.o(.constdata)
    APBPrescTable                            0x080068b5   Data           8  system_stm32f1xx.o(.constdata)
    __mathlib_zero                           0x08006948   Data           8  qnan.o(.constdata)
    Region$$Table$$Base                      0x08006a10   Number         0  anon$$obj.o(Region$$Table)
    Region$$Table$$Limit                     0x08006a30   Number         0  anon$$obj.o(Region$$Table)
    cfont16                                  0x20000000   Data        1224  oled.o(.data)
    F8X16                                    0x200004c8   Data        1504  oled.o(.data)
    Current_ID                               0x20000aa8   Data           1  app.o(.data)
    my_index                                 0x20000aa9   Data           1  app.o(.data)
    index_num                                0x20000aaa   Data           1  app.o(.data)
    old_index_num                            0x20000aab   Data           1  app.o(.data)
    direction                                0x20000aac   Data           1  app.o(.data)
    taskstudy                                0x20000aad   Data           1  app.o(.data)
    Cell                                     0x20000aae   Data           1  app.o(.data)
    send_flage                               0x20000aaf   Data           1  app.o(.data)
    set_flage                                0x20000ab0   Data           1  app.o(.data)
    timing_flage                             0x20000ab1   Data           1  app.o(.data)
    blank                                    0x20000ab2   Data           1  app.o(.data)
    gears                                    0x20000ab3   Data           1  app.o(.data)
    timing_time                              0x20000ab4   Data           2  app.o(.data)
    rot_speed                                0x20000ab6   Data           2  app.o(.data)
    Set_Arr                                  0x20000ab8   Data           8  app.o(.data)
    VPT_Data                                 0x20000ac0   Data           8  app.o(.data)
    gImage_11                                0x20000ac8   Data          32  app.o(.data)
    Ele_Arr                                  0x20000ae8   Data          24  app.o(.data)
    Mune_Arr                                 0x20000b00   Data          16  app.o(.data)
    RX_Cmd                                   0x20000b10   Data          36  app.o(.data)
    Debug_Cmd                                0x20000b34   Data          12  app.o(.data)
    taskIndex                                0x20000b40   Data           1  app.o(.data)
    toggle_flage                             0x20000b41   Data           1  app.o(.data)
    power_flage                              0x20000b44   Data           4  app.o(.data)
    taskTable                                0x20000b48   Data          60  app.o(.data)
    Debug_Usart_Struct                       0x20000b88   Data          20  debug_usart.o(.data)
    __stdout                                 0x20000b9c   Data           4  debug_usart.o(.data)
    TX_ADDRESS                               0x20000ba0   Data           5  24l01.o(.data)
    uwTickFreq                               0x20000bb0   Data           1  stm32f1xx_hal.o(.data)
    uwTickPrio                               0x20000bb4   Data           4  stm32f1xx_hal.o(.data)
    uwTick                                   0x20000bb8   Data           4  stm32f1xx_hal.o(.data)
    SystemCoreClock                          0x20000bbc   Data           4  system_stm32f1xx.o(.data)
    OLED_GRAM                                0x20000bc4   Data        1024  oled.o(.bss)
    gImage_Null                              0x20000fc4   Data          32  app.o(.bss)
    parameter_data                           0x20000fe4   Data          20  app.o(.bss)
    btn1                                     0x20000ff8   Data          40  key.o(.bss)
    Debug_Usart_Data_Struct                  0x20001020   Data          34  debug_usart.o(.bss)
    hadc1                                    0x20001044   Data          48  adc.o(.bss)
    hi2c1                                    0x20001074   Data          84  i2c.o(.bss)
    htim1                                    0x200010c8   Data          72  tim.o(.bss)
    htim2                                    0x20001110   Data          72  tim.o(.bss)
    htim3                                    0x20001158   Data          72  tim.o(.bss)
    huart1                                   0x200011a0   Data          72  usart.o(.bss)
    hdma_usart1_rx                           0x200011e8   Data          68  usart.o(.bss)
    __initial_sp                             0x20001630   Data           0  startup_stm32f103x6.o(STACK)



==============================================================================

Memory Map of the image

  Image Entry point : 0x080000ed

  Load Region LR_IROM1 (Base: 0x08000000, Size: 0x000075f4, Max: 0x00008000, ABSOLUTE, COMPRESSED[0x00007234])

    Execution Region ER_IROM1 (Exec base: 0x08000000, Load base: 0x08000000, Size: 0x00006a30, Max: 0x00008000, ABSOLUTE)

    Exec Addr    Load Addr    Size         Type   Attr      Idx    E Section Name        Object

    0x08000000   0x08000000   0x000000ec   Data   RO            3    RESET               startup_stm32f103x6.o
    0x080000ec   0x080000ec   0x00000000   Code   RO         4312  * .ARM.Collect$$$$00000000  mc_w.l(entry.o)
    0x080000ec   0x080000ec   0x00000004   Code   RO         4641    .ARM.Collect$$$$00000001  mc_w.l(entry2.o)
    0x080000f0   0x080000f0   0x00000004   Code   RO         4644    .ARM.Collect$$$$00000004  mc_w.l(entry5.o)
    0x080000f4   0x080000f4   0x00000000   Code   RO         4646    .ARM.Collect$$$$00000008  mc_w.l(entry7b.o)
    0x080000f4   0x080000f4   0x00000000   Code   RO         4648    .ARM.Collect$$$$0000000A  mc_w.l(entry8b.o)
    0x080000f4   0x080000f4   0x00000008   Code   RO         4649    .ARM.Collect$$$$0000000B  mc_w.l(entry9a.o)
    0x080000fc   0x080000fc   0x00000000   Code   RO         4651    .ARM.Collect$$$$0000000D  mc_w.l(entry10a.o)
    0x080000fc   0x080000fc   0x00000000   Code   RO         4653    .ARM.Collect$$$$0000000F  mc_w.l(entry11a.o)
    0x080000fc   0x080000fc   0x00000004   Code   RO         4642    .ARM.Collect$$$$00002712  mc_w.l(entry2.o)
    0x08000100   0x08000100   0x00000024   Code   RO            4    .text               startup_stm32f103x6.o
    0x08000124   0x08000124   0x00000020   Code   RO         4315    .text               mc_w.l(llushr.o)
    0x08000144   0x08000144   0x00000024   Code   RO         4317    .text               mc_w.l(memcpya.o)
    0x08000168   0x08000168   0x00000024   Code   RO         4319    .text               mc_w.l(memseta.o)
    0x0800018c   0x0800018c   0x00000024   Code   RO         4321    .text               mc_w.l(strstr.o)
    0x080001b0   0x080001b0   0x00000014   Code   RO         4323    .text               mc_w.l(strchr.o)
    0x080001c4   0x080001c4   0x0000000e   Code   RO         4325    .text               mc_w.l(strlen.o)
    0x080001d2   0x080001d2   0x000000b0   Code   RO         4590    .text               mf_w.l(fadd.o)
    0x08000282   0x08000282   0x00000064   Code   RO         4592    .text               mf_w.l(fmul.o)
    0x080002e6   0x080002e6   0x0000014e   Code   RO         4594    .text               mf_w.l(dadd.o)
    0x08000434   0x08000434   0x000000e4   Code   RO         4596    .text               mf_w.l(dmul.o)
    0x08000518   0x08000518   0x000000de   Code   RO         4598    .text               mf_w.l(ddiv.o)
    0x080005f6   0x080005f6   0x00000012   Code   RO         4600    .text               mf_w.l(fflti.o)
    0x08000608   0x08000608   0x0000000a   Code   RO         4602    .text               mf_w.l(ffltui.o)
    0x08000612   0x08000612   0x0000001a   Code   RO         4604    .text               mf_w.l(dfltui.o)
    0x0800062c   0x0800062c   0x00000028   Code   RO         4606    .text               mf_w.l(ffixui.o)
    0x08000654   0x08000654   0x00000032   Code   RO         4608    .text               mf_w.l(dfixui.o)
    0x08000686   0x08000686   0x00000026   Code   RO         4610    .text               mf_w.l(f2d.o)
    0x080006ac   0x080006ac   0x00000038   Code   RO         4612    .text               mf_w.l(d2f.o)
    0x080006e4   0x080006e4   0x0000002c   Code   RO         4655    .text               mc_w.l(uidiv.o)
    0x08000710   0x08000710   0x00000062   Code   RO         4657    .text               mc_w.l(uldiv.o)
    0x08000772   0x08000772   0x0000001e   Code   RO         4659    .text               mc_w.l(llshl.o)
    0x08000790   0x08000790   0x00000024   Code   RO         4661    .text               mc_w.l(llsshr.o)
    0x080007b4   0x080007b4   0x00000000   Code   RO         4670    .text               mc_w.l(iusefp.o)
    0x080007b4   0x080007b4   0x0000006e   Code   RO         4671    .text               mf_w.l(fepilogue.o)
    0x08000822   0x08000822   0x000000ba   Code   RO         4673    .text               mf_w.l(depilogue.o)
    0x080008dc   0x080008dc   0x0000002e   Code   RO         4675    .text               mf_w.l(dscalb.o)
    0x0800090a   0x0800090a   0x00000022   Code   RO         4677    .text               mf_w.l(dflti.o)
    0x0800092c   0x0800092c   0x00000030   Code   RO         4679    .text               mf_w.l(dfixul.o)
    0x0800095c   0x0800095c   0x00000030   Code   RO         4681    .text               mf_w.l(cdrcmple.o)
    0x0800098c   0x0800098c   0x00000024   Code   RO         4683    .text               mc_w.l(init.o)
    0x080009b0   0x080009b0   0x000000a2   Code   RO         4685    .text               mf_w.l(dsqrt.o)
    0x08000a52   0x08000a52   0x00000056   Code   RO         4697    .text               mc_w.l(__dczerorl2.o)
    0x08000aa8   0x08000aa8   0x00000054   Code   RO         1154    i.ADC_ConversionStop_Disable  stm32f1xx_hal_adc.o
    0x08000afc   0x08000afc   0x00000080   Code   RO         1158    i.ADC_Enable        stm32f1xx_hal_adc.o
    0x08000b7c   0x08000b7c   0x00000148   Code   RO          336    i.Analytic_Parameter  app.o
    0x08000cc4   0x08000cc4   0x00000144   Code   RO          337    i.Analytic_Parameter_NRF  app.o
    0x08000e08   0x08000e08   0x0000004c   Code   RO          451    i.BTN1_DOUBLE_Click_Handler  key.o
    0x08000e54   0x08000e54   0x0000001c   Code   RO          452    i.BTN1_LONG_PRESS_START_Handler  key.o
    0x08000e70   0x08000e70   0x00000044   Code   RO          453    i.BTN1_PRESS_REPEAT_Handler  key.o
    0x08000eb4   0x08000eb4   0x000000b8   Code   RO          454    i.BTN1_SINGLE_Click_Handler  key.o
    0x08000f6c   0x08000f6c   0x00000002   Code   RO         1000    i.BusFault_Handler  stm32f1xx_it.o
    0x08000f6e   0x08000f6e   0x00000002   PAD
    0x08000f70   0x08000f70   0x0000000c   Code   RO         1001    i.DMA1_Channel5_IRQHandler  stm32f1xx_it.o
    0x08000f7c   0x08000f7c   0x0000002c   Code   RO         1815    i.DMA_SetConfig     stm32f1xx_hal_dma.o
    0x08000fa8   0x08000fa8   0x00000002   Code   RO         1002    i.DebugMon_Handler  stm32f1xx_it.o
    0x08000faa   0x08000faa   0x00000002   PAD
    0x08000fac   0x08000fac   0x00000018   Code   RO          548    i.Debug_Usart_Clear  debug_usart.o
    0x08000fc4   0x08000fc4   0x0000005c   Code   RO          549    i.Debug_Usart_Con   debug_usart.o
    0x08001020   0x08001020   0x00000024   Code   RO          550    i.Debug_Usart_Init  debug_usart.o
    0x08001044   0x08001044   0x00000024   Code   RO          551    i.Deubu_Usart_Read  debug_usart.o
    0x08001068   0x08001068   0x00000004   Code   RO          696    i.Error_Handler     main.o
    0x0800106c   0x0800106c   0x00000088   Code   RO          338    i.Get_ADC           app.o
    0x080010f4   0x080010f4   0x00000030   Code   RO          312    i.Get_EC11          get_ec11.o
    0x08001124   0x08001124   0x000000f4   Code   RO         1334    i.HAL_ADCEx_Calibration_Start  stm32f1xx_hal_adc_ex.o
    0x08001218   0x08001218   0x00000108   Code   RO         1160    i.HAL_ADC_ConfigChannel  stm32f1xx_hal_adc.o
    0x08001320   0x08001320   0x00000006   Code   RO         1167    i.HAL_ADC_GetValue  stm32f1xx_hal_adc.o
    0x08001326   0x08001326   0x00000002   PAD
    0x08001328   0x08001328   0x00000118   Code   RO         1169    i.HAL_ADC_Init      stm32f1xx_hal_adc.o
    0x08001440   0x08001440   0x00000058   Code   RO          764    i.HAL_ADC_MspInit   adc.o
    0x08001498   0x08001498   0x0000014c   Code   RO         1173    i.HAL_ADC_PollForConversion  stm32f1xx_hal_adc.o
    0x080015e4   0x080015e4   0x000000d0   Code   RO         1175    i.HAL_ADC_Start     stm32f1xx_hal_adc.o
    0x080016b4   0x080016b4   0x00000046   Code   RO         1816    i.HAL_DMA_Abort     stm32f1xx_hal_dma.o
    0x080016fa   0x080016fa   0x00000002   PAD
    0x080016fc   0x080016fc   0x00000098   Code   RO         1817    i.HAL_DMA_Abort_IT  stm32f1xx_hal_dma.o
    0x08001794   0x08001794   0x00000168   Code   RO         1821    i.HAL_DMA_IRQHandler  stm32f1xx_hal_dma.o
    0x080018fc   0x080018fc   0x00000064   Code   RO         1822    i.HAL_DMA_Init      stm32f1xx_hal_dma.o
    0x08001960   0x08001960   0x00000074   Code   RO         1826    i.HAL_DMA_Start_IT  stm32f1xx_hal_dma.o
    0x080019d4   0x080019d4   0x00000024   Code   RO         1437    i.HAL_Delay         stm32f1xx_hal.o
    0x080019f8   0x080019f8   0x000001e0   Code   RO         1752    i.HAL_GPIO_Init     stm32f1xx_hal_gpio.o
    0x08001bd8   0x08001bd8   0x0000000e   Code   RO         1754    i.HAL_GPIO_ReadPin  stm32f1xx_hal_gpio.o
    0x08001be6   0x08001be6   0x0000000e   Code   RO         1756    i.HAL_GPIO_WritePin  stm32f1xx_hal_gpio.o
    0x08001bf4   0x08001bf4   0x0000000c   Code   RO         1441    i.HAL_GetTick       stm32f1xx_hal.o
    0x08001c00   0x08001c00   0x00000198   Code   RO         2444    i.HAL_I2C_Init      stm32f1xx_hal_i2c.o
    0x08001d98   0x08001d98   0x00000144   Code   RO         2465    i.HAL_I2C_Mem_Write  stm32f1xx_hal_i2c.o
    0x08001edc   0x08001edc   0x0000005c   Code   RO          830    i.HAL_I2C_MspInit   i2c.o
    0x08001f38   0x08001f38   0x00000010   Code   RO         1447    i.HAL_IncTick       stm32f1xx_hal.o
    0x08001f48   0x08001f48   0x00000024   Code   RO         1448    i.HAL_Init          stm32f1xx_hal.o
    0x08001f6c   0x08001f6c   0x00000044   Code   RO         1449    i.HAL_InitTick      stm32f1xx_hal.o
    0x08001fb0   0x08001fb0   0x0000003c   Code   RO         1094    i.HAL_MspInit       stm32f1xx_hal_msp.o
    0x08001fec   0x08001fec   0x0000001a   Code   RO         1912    i.HAL_NVIC_EnableIRQ  stm32f1xx_hal_cortex.o
    0x08002006   0x08002006   0x00000002   PAD
    0x08002008   0x08002008   0x00000040   Code   RO         1918    i.HAL_NVIC_SetPriority  stm32f1xx_hal_cortex.o
    0x08002048   0x08002048   0x00000024   Code   RO         1919    i.HAL_NVIC_SetPriorityGrouping  stm32f1xx_hal_cortex.o
    0x0800206c   0x0800206c   0x00000020   Code   RO         2040    i.HAL_PWR_EnterSTANDBYMode  stm32f1xx_hal_pwr.o
    0x0800208c   0x0800208c   0x000000a8   Code   RO         1713    i.HAL_RCCEx_GetPeriphCLKFreq  stm32f1xx_hal_rcc_ex.o
    0x08002134   0x08002134   0x0000010c   Code   RO         1714    i.HAL_RCCEx_PeriphCLKConfig  stm32f1xx_hal_rcc_ex.o
    0x08002240   0x08002240   0x00000154   Code   RO         1605    i.HAL_RCC_ClockConfig  stm32f1xx_hal_rcc.o
    0x08002394   0x08002394   0x0000000c   Code   RO         1610    i.HAL_RCC_GetHCLKFreq  stm32f1xx_hal_rcc.o
    0x080023a0   0x080023a0   0x00000020   Code   RO         1612    i.HAL_RCC_GetPCLK1Freq  stm32f1xx_hal_rcc.o
    0x080023c0   0x080023c0   0x00000020   Code   RO         1613    i.HAL_RCC_GetPCLK2Freq  stm32f1xx_hal_rcc.o
    0x080023e0   0x080023e0   0x0000004c   Code   RO         1614    i.HAL_RCC_GetSysClockFreq  stm32f1xx_hal_rcc.o
    0x0800242c   0x0800242c   0x00000384   Code   RO         1617    i.HAL_RCC_OscConfig  stm32f1xx_hal_rcc.o
    0x080027b0   0x080027b0   0x00000028   Code   RO         1923    i.HAL_SYSTICK_Config  stm32f1xx_hal_cortex.o
    0x080027d8   0x080027d8   0x00000002   Code   RO         3627    i.HAL_TIMEx_BreakCallback  stm32f1xx_hal_tim_ex.o
    0x080027da   0x080027da   0x00000002   Code   RO         3628    i.HAL_TIMEx_CommutCallback  stm32f1xx_hal_tim_ex.o
    0x080027dc   0x080027dc   0x0000005c   Code   RO         3646    i.HAL_TIMEx_MasterConfigSynchronization  stm32f1xx_hal_tim_ex.o
    0x08002838   0x08002838   0x0000004a   Code   RO         2912    i.HAL_TIM_Base_Init  stm32f1xx_hal_tim.o
    0x08002882   0x08002882   0x00000002   PAD
    0x08002884   0x08002884   0x00000054   Code   RO          872    i.HAL_TIM_Base_MspInit  tim.o
    0x080028d8   0x080028d8   0x00000058   Code   RO         2917    i.HAL_TIM_Base_Start_IT  stm32f1xx_hal_tim.o
    0x08002930   0x08002930   0x000000e8   Code   RO         2921    i.HAL_TIM_ConfigClockSource  stm32f1xx_hal_tim.o
    0x08002a18   0x08002a18   0x000000b0   Code   RO         2933    i.HAL_TIM_Encoder_Init  stm32f1xx_hal_tim.o
    0x08002ac8   0x08002ac8   0x00000054   Code   RO          874    i.HAL_TIM_Encoder_MspInit  tim.o
    0x08002b1c   0x08002b1c   0x000000a8   Code   RO         2936    i.HAL_TIM_Encoder_Start  stm32f1xx_hal_tim.o
    0x08002bc4   0x08002bc4   0x00000002   Code   RO         2946    i.HAL_TIM_IC_CaptureCallback  stm32f1xx_hal_tim.o
    0x08002bc6   0x08002bc6   0x00000138   Code   RO         2960    i.HAL_TIM_IRQHandler  stm32f1xx_hal_tim.o
    0x08002cfe   0x08002cfe   0x00000002   Code   RO         2963    i.HAL_TIM_OC_DelayElapsedCallback  stm32f1xx_hal_tim.o
    0x08002d00   0x08002d00   0x00000002   Code   RO         2990    i.HAL_TIM_PWM_PulseFinishedCallback  stm32f1xx_hal_tim.o
    0x08002d02   0x08002d02   0x00000002   PAD
    0x08002d04   0x08002d04   0x00000094   Code   RO          875    i.HAL_TIM_PeriodElapsedCallback  tim.o
    0x08002d98   0x08002d98   0x00000002   Code   RO         3003    i.HAL_TIM_TriggerCallback  stm32f1xx_hal_tim.o
    0x08002d9a   0x08002d9a   0x00000052   Code   RO         3904    i.HAL_UARTEx_ReceiveToIdle_DMA  stm32f1xx_hal_uart.o
    0x08002dec   0x08002dec   0x00000018   Code   RO          948    i.HAL_UARTEx_RxEventCallback  usart.o
    0x08002e04   0x08002e04   0x00000070   Code   RO         3918    i.HAL_UART_DMAStop  stm32f1xx_hal_uart.o
    0x08002e74   0x08002e74   0x00000002   Code   RO         3920    i.HAL_UART_ErrorCallback  stm32f1xx_hal_uart.o
    0x08002e76   0x08002e76   0x00000002   PAD
    0x08002e78   0x08002e78   0x00000230   Code   RO         3923    i.HAL_UART_IRQHandler  stm32f1xx_hal_uart.o
    0x080030a8   0x080030a8   0x00000066   Code   RO         3924    i.HAL_UART_Init     stm32f1xx_hal_uart.o
    0x0800310e   0x0800310e   0x00000002   PAD
    0x08003110   0x08003110   0x000000b0   Code   RO          950    i.HAL_UART_MspInit  usart.o
    0x080031c0   0x080031c0   0x00000002   Code   RO         3930    i.HAL_UART_RxCpltCallback  stm32f1xx_hal_uart.o
    0x080031c2   0x080031c2   0x00000002   Code   RO         3931    i.HAL_UART_RxHalfCpltCallback  stm32f1xx_hal_uart.o
    0x080031c4   0x080031c4   0x00000002   Code   RO         3935    i.HAL_UART_TxCpltCallback  stm32f1xx_hal_uart.o
    0x080031c6   0x080031c6   0x00000002   Code   RO         1003    i.HardFault_Handler  stm32f1xx_it.o
    0x080031c8   0x080031c8   0x0000003e   Code   RO          339    i.Hex_To_Dec        app.o
    0x08003206   0x08003206   0x00000002   PAD
    0x08003208   0x08003208   0x000000b8   Code   RO          340    i.Hex_To_Float      app.o
    0x080032c0   0x080032c0   0x0000002e   Code   RO         2488    i.I2C_IsAcknowledgeFailed  stm32f1xx_hal_i2c.o
    0x080032ee   0x080032ee   0x00000002   PAD
    0x080032f0   0x080032f0   0x000000c4   Code   RO         2500    i.I2C_RequestMemoryWrite  stm32f1xx_hal_i2c.o
    0x080033b4   0x080033b4   0x00000058   Code   RO         2508    i.I2C_WaitOnBTFFlagUntilTimeout  stm32f1xx_hal_i2c.o
    0x0800340c   0x0800340c   0x000000ac   Code   RO         2509    i.I2C_WaitOnFlagUntilTimeout  stm32f1xx_hal_i2c.o
    0x080034b8   0x080034b8   0x000000c8   Code   RO         2510    i.I2C_WaitOnMasterAddressFlagUntilTimeout  stm32f1xx_hal_i2c.o
    0x08003580   0x08003580   0x00000058   Code   RO         2514    i.I2C_WaitOnTXEFlagUntilTimeout  stm32f1xx_hal_i2c.o
    0x080035d8   0x080035d8   0x00000050   Code   RO          765    i.MX_ADC1_Init      adc.o
    0x08003628   0x08003628   0x0000002c   Code   RO          805    i.MX_DMA_Init       dma.o
    0x08003654   0x08003654   0x000000dc   Code   RO          739    i.MX_GPIO_Init      gpio.o
    0x08003730   0x08003730   0x00000040   Code   RO          831    i.MX_I2C1_Init      i2c.o
    0x08003770   0x08003770   0x00000068   Code   RO          876    i.MX_TIM1_Init      tim.o
    0x080037d8   0x080037d8   0x00000064   Code   RO          877    i.MX_TIM2_Init      tim.o
    0x0800383c   0x0800383c   0x00000068   Code   RO          878    i.MX_TIM3_Init      tim.o
    0x080038a4   0x080038a4   0x00000038   Code   RO          951    i.MX_USART1_UART_Init  usart.o
    0x080038dc   0x080038dc   0x00000002   Code   RO         1004    i.MemManage_Handler  stm32f1xx_it.o
    0x080038de   0x080038de   0x00000002   PAD
    0x080038e0   0x080038e0   0x00000108   Code   RO          341    i.Menu_Detection    app.o
    0x080039e8   0x080039e8   0x00000124   Code   RO          342    i.Menu_Interface    app.o
    0x08003b0c   0x08003b0c   0x00000268   Code   RO          343    i.Menu_Set          app.o
    0x08003d74   0x08003d74   0x00000248   Code   RO          344    i.Menu_Study        app.o
    0x08003fbc   0x08003fbc   0x00000002   Code   RO         1005    i.NMI_Handler       stm32f1xx_it.o
    0x08003fbe   0x08003fbe   0x00000002   PAD
    0x08003fc0   0x08003fc0   0x00000048   Code   RO          614    i.NRF24L01_Check    24l01.o
    0x08004008   0x08004008   0x00000048   Code   RO          615    i.NRF24L01_Read_Buf  24l01.o
    0x08004050   0x08004050   0x00000030   Code   RO          616    i.NRF24L01_Read_Reg  24l01.o
    0x08004080   0x08004080   0x00000032   Code   RO          617    i.NRF24L01_RxPacket  24l01.o
    0x080040b2   0x080040b2   0x00000002   PAD
    0x080040b4   0x080040b4   0x00000060   Code   RO          618    i.NRF24L01_TxPacket  24l01.o
    0x08004114   0x08004114   0x00000048   Code   RO          619    i.NRF24L01_Write_Buf  24l01.o
    0x0800415c   0x0800415c   0x00000034   Code   RO          620    i.NRF24L01_Write_Reg  24l01.o
    0x08004190   0x08004190   0x00000074   Code   RO          345    i.NRF_Send          app.o
    0x08004204   0x08004204   0x00000028   Code   RO           13    i.OLED_Clear        oled.o
    0x0800422c   0x0800422c   0x0000001c   Code   RO           14    i.OLED_ClearPoint   oled.o
    0x08004248   0x08004248   0x0000001c   Code   RO           17    i.OLED_DrawPoint    oled.o
    0x08004264   0x08004264   0x000000de   Code   RO           18    i.OLED_Init         oled.o
    0x08004342   0x08004342   0x00000028   Code   RO           19    i.OLED_Set_Pos      oled.o
    0x0800436a   0x0800436a   0x00000002   PAD
    0x0800436c   0x0800436c   0x0000004c   Code   RO           20    i.OLED_ShowCHinese  oled.o
    0x080043b8   0x080043b8   0x00000058   Code   RO           21    i.OLED_ShowChar     oled.o
    0x08004410   0x08004410   0x0000002e   Code   RO           24    i.OLED_ShowString   oled.o
    0x0800443e   0x0800443e   0x00000002   PAD
    0x08004440   0x08004440   0x0000007c   Code   RO           25    i.OLED_Show_One_Chinese  oled.o
    0x080044bc   0x080044bc   0x00000010   Code   RO           26    i.OLED_WR_Byte      oled.o
    0x080044cc   0x080044cc   0x00000022   Code   RO           27    i.Oled_Center       oled.o
    0x080044ee   0x080044ee   0x00000002   PAD
    0x080044f0   0x080044f0   0x00000044   Code   RO           28    i.Oled_Send_Buff    oled.o
    0x08004534   0x08004534   0x00000002   Code   RO         1006    i.PendSV_Handler    stm32f1xx_it.o
    0x08004536   0x08004536   0x00000002   PAD
    0x08004538   0x08004538   0x00000024   Code   RO         1618    i.RCC_Delay         stm32f1xx_hal_rcc.o
    0x0800455c   0x0800455c   0x00000060   Code   RO          621    i.RX_Mode           24l01.o
    0x080045bc   0x080045bc   0x00000068   Code   RO          622    i.SPI_ReadWriteByte  24l01.o
    0x08004624   0x08004624   0x00000002   Code   RO         1007    i.SVC_Handler       stm32f1xx_it.o
    0x08004626   0x08004626   0x00000004   Code   RO         1008    i.SysTick_Handler   stm32f1xx_it.o
    0x0800462a   0x0800462a   0x0000007a   Code   RO          697    i.SystemClock_Config  main.o
    0x080046a4   0x080046a4   0x00000002   Code   RO         4268    i.SystemInit        system_stm32f1xx.o
    0x080046a6   0x080046a6   0x00000002   PAD
    0x080046a8   0x080046a8   0x0000000c   Code   RO         1009    i.TIM3_IRQHandler   stm32f1xx_it.o
    0x080046b4   0x080046b4   0x0000006c   Code   RO         3005    i.TIM_Base_SetConfig  stm32f1xx_hal_tim.o
    0x08004720   0x08004720   0x0000001a   Code   RO         3006    i.TIM_CCxChannelCmd  stm32f1xx_hal_tim.o
    0x0800473a   0x0800473a   0x00000014   Code   RO         3016    i.TIM_ETR_SetConfig  stm32f1xx_hal_tim.o
    0x0800474e   0x0800474e   0x00000010   Code   RO         3017    i.TIM_ITRx_SetConfig  stm32f1xx_hal_tim.o
    0x0800475e   0x0800475e   0x00000022   Code   RO         3023    i.TIM_TI1_ConfigInputStage  stm32f1xx_hal_tim.o
    0x08004780   0x08004780   0x00000024   Code   RO         3025    i.TIM_TI2_ConfigInputStage  stm32f1xx_hal_tim.o
    0x080047a4   0x080047a4   0x0000006c   Code   RO          623    i.TX_Mode           24l01.o
    0x08004810   0x08004810   0x000000c4   Code   RO          346    i.Timing_Set        app.o
    0x080048d4   0x080048d4   0x00000044   Code   RO           29    i.To_Send_Buff      oled.o
    0x08004918   0x08004918   0x00000010   Code   RO         3937    i.UART_DMAAbortOnError  stm32f1xx_hal_uart.o
    0x08004928   0x08004928   0x0000004a   Code   RO         3938    i.UART_DMAError     stm32f1xx_hal_uart.o
    0x08004972   0x08004972   0x00000086   Code   RO         3939    i.UART_DMAReceiveCplt  stm32f1xx_hal_uart.o
    0x080049f8   0x080049f8   0x0000001e   Code   RO         3941    i.UART_DMARxHalfCplt  stm32f1xx_hal_uart.o
    0x08004a16   0x08004a16   0x0000004e   Code   RO         3947    i.UART_EndRxTransfer  stm32f1xx_hal_uart.o
    0x08004a64   0x08004a64   0x0000001a   Code   RO         3948    i.UART_EndTransmit_IT  stm32f1xx_hal_uart.o
    0x08004a7e   0x08004a7e   0x0000001c   Code   RO         3949    i.UART_EndTxTransfer  stm32f1xx_hal_uart.o
    0x08004a9a   0x08004a9a   0x000000c8   Code   RO         3950    i.UART_Receive_IT   stm32f1xx_hal_uart.o
    0x08004b62   0x08004b62   0x00000002   PAD
    0x08004b64   0x08004b64   0x000000b8   Code   RO         3951    i.UART_SetConfig    stm32f1xx_hal_uart.o
    0x08004c1c   0x08004c1c   0x00000094   Code   RO         3952    i.UART_Start_Receive_DMA  stm32f1xx_hal_uart.o
    0x08004cb0   0x08004cb0   0x0000005e   Code   RO         3954    i.UART_Transmit_IT  stm32f1xx_hal_uart.o
    0x08004d0e   0x08004d0e   0x00000002   PAD
    0x08004d10   0x08004d10   0x0000000c   Code   RO         1010    i.USART1_IRQHandler  stm32f1xx_it.o
    0x08004d1c   0x08004d1c   0x00000002   Code   RO         1011    i.UsageFault_Handler  stm32f1xx_it.o
    0x08004d1e   0x08004d1e   0x00000002   PAD
    0x08004d20   0x08004d20   0x000000f4   Code   RO          347    i.Usart_Debug_Run   app.o
    0x08004e14   0x08004e14   0x00000024   Code   RO           30    i.Write_IIC_Command  oled.o
    0x08004e38   0x08004e38   0x00000024   Code   RO           31    i.Write_IIC_Data    oled.o
    0x08004e5c   0x08004e5c   0x00000020   Code   RO         4562    i.__0printf         mc_w.l(printfa.o)
    0x08004e7c   0x08004e7c   0x00000028   Code   RO         4564    i.__0sprintf        mc_w.l(printfa.o)
    0x08004ea4   0x08004ea4   0x00000028   Code   RO         4628    i.__ARM_fpclassify  m_ws.l(fpclassify.o)
    0x08004ecc   0x08004ecc   0x00000020   Code   RO         1925    i.__NVIC_SetPriority  stm32f1xx_hal_cortex.o
    0x08004eec   0x08004eec   0x000000aa   Code   RO         4630    i.__kernel_poly     m_ws.l(poly.o)
    0x08004f96   0x08004f96   0x00000002   PAD
    0x08004f98   0x08004f98   0x00000010   Code   RO         4614    i.__mathlib_dbl_divzero  m_ws.l(dunder.o)
    0x08004fa8   0x08004fa8   0x00000004   Code   RO         4616    i.__mathlib_dbl_infnan2  m_ws.l(dunder.o)
    0x08004fac   0x08004fac   0x0000000c   Code   RO         4617    i.__mathlib_dbl_invalid  m_ws.l(dunder.o)
    0x08004fb8   0x08004fb8   0x0000000e   Code   RO         4618    i.__mathlib_dbl_overflow  m_ws.l(dunder.o)
    0x08004fc6   0x08004fc6   0x00000002   PAD
    0x08004fc8   0x08004fc8   0x00000010   Code   RO         4620    i.__mathlib_dbl_underflow  m_ws.l(dunder.o)
    0x08004fd8   0x08004fd8   0x0000000e   Code   RO         4691    i.__scatterload_copy  mc_w.l(handlers.o)
    0x08004fe6   0x08004fe6   0x00000002   Code   RO         4692    i.__scatterload_null  mc_w.l(handlers.o)
    0x08004fe8   0x08004fe8   0x0000000e   Code   RO         4693    i.__scatterload_zeroinit  mc_w.l(handlers.o)
    0x08004ff6   0x08004ff6   0x00000002   PAD
    0x08004ff8   0x08004ff8   0x0000000c   Code   RO         4665    i.__set_errno       mc_w.l(errno.o)
    0x08005004   0x08005004   0x00000184   Code   RO         4569    i._fp_digits        mc_w.l(printfa.o)
    0x08005188   0x08005188   0x000006dc   Code   RO         4570    i._printf_core      mc_w.l(printfa.o)
    0x08005864   0x08005864   0x00000024   Code   RO         4571    i._printf_post_padding  mc_w.l(printfa.o)
    0x08005888   0x08005888   0x0000002e   Code   RO         4572    i._printf_pre_padding  mc_w.l(printfa.o)
    0x080058b6   0x080058b6   0x0000000a   Code   RO         4574    i._sputc            mc_w.l(printfa.o)
    0x080058c0   0x080058c0   0x00000088   Code   RO          348    i.arrows_to         app.o
    0x08005948   0x08005948   0x00000008   Code   RO          455    i.button_attach     key.o
    0x08005950   0x08005950   0x000001f6   Code   RO          456    i.button_handler    key.o
    0x08005b46   0x08005b46   0x0000002e   Code   RO          457    i.button_init       key.o
    0x08005b74   0x08005b74   0x00000024   Code   RO          458    i.button_start      key.o
    0x08005b98   0x08005b98   0x0000001c   Code   RO          460    i.button_ticks      key.o
    0x08005bb4   0x08005bb4   0x00000018   Code   RO          553    i.fputc             debug_usart.o
    0x08005bcc   0x08005bcc   0x000001e8   Code   RO          698    i.main              main.o
    0x08005db4   0x08005db4   0x00000082   Code   RO           32    i.oled_draw_bmp     oled.o
    0x08005e36   0x08005e36   0x00000002   PAD
    0x08005e38   0x08005e38   0x000009d8   Code   RO         4303    i.pow               m_ws.l(pow.o)
    0x08006810   0x08006810   0x0000000c   Code   RO          462    i.read_button1_GPIO  key.o
    0x0800681c   0x0800681c   0x0000004c   Code   RO         4634    i.sqrt              m_ws.l(sqrt.o)
    0x08006868   0x08006868   0x00000014   Data   RO          351    .constdata          app.o
    0x0800687c   0x0800687c   0x00000005   Data   RO          624    .constdata          24l01.o
    0x08006881   0x08006881   0x00000012   Data   RO         1619    .constdata          stm32f1xx_hal_rcc.o
    0x08006893   0x08006893   0x00000012   Data   RO         1715    .constdata          stm32f1xx_hal_rcc_ex.o
    0x080068a5   0x080068a5   0x00000010   Data   RO         4269    .constdata          system_stm32f1xx.o
    0x080068b5   0x080068b5   0x00000008   Data   RO         4270    .constdata          system_stm32f1xx.o
    0x080068bd   0x080068bd   0x00000003   PAD
    0x080068c0   0x080068c0   0x00000088   Data   RO         4304    .constdata          m_ws.l(pow.o)
    0x08006948   0x08006948   0x00000008   Data   RO         4632    .constdata          m_ws.l(qnan.o)
    0x08006950   0x08006950   0x000000bf   Data   RO          352    .conststring        app.o
    0x08006a0f   0x08006a0f   0x00000001   PAD
    0x08006a10   0x08006a10   0x00000020   Data   RO         4689    Region$$Table       anon$$obj.o


    Execution Region RW_IRAM1 (Exec base: 0x20000000, Load base: 0x08006a30, Size: 0x00001630, Max: 0x00002800, ABSOLUTE, COMPRESSED[0x00000804])

    Exec Addr    Load Addr    Size         Type   Attr      Idx    E Section Name        Object

    0x20000000   COMPRESSED   0x00000aa8   Data   RW           36    .data               oled.o
    0x20000aa8   COMPRESSED   0x00000098   Data   RW          353    .data               app.o
    0x20000b40   COMPRESSED   0x00000001   Data   RW          354    .data               app.o
    0x20000b41   COMPRESSED   0x00000001   Data   RW          355    .data               app.o
    0x20000b42   COMPRESSED   0x00000002   PAD
    0x20000b44   COMPRESSED   0x00000004   Data   RW          356    .data               app.o
    0x20000b48   COMPRESSED   0x0000003c   Data   RW          357    .data               app.o
    0x20000b84   COMPRESSED   0x00000004   Data   RW          464    .data               key.o
    0x20000b88   COMPRESSED   0x00000014   Data   RW          555    .data               debug_usart.o
    0x20000b9c   COMPRESSED   0x00000004   Data   RW          559    .data               debug_usart.o
    0x20000ba0   COMPRESSED   0x00000005   Data   RW          625    .data               24l01.o
    0x20000ba5   COMPRESSED   0x00000001   PAD
    0x20000ba6   COMPRESSED   0x00000008   Data   RW          880    .data               tim.o
    0x20000bae   COMPRESSED   0x00000002   PAD
    0x20000bb0   COMPRESSED   0x0000000c   Data   RW         1455    .data               stm32f1xx_hal.o
    0x20000bbc   COMPRESSED   0x00000004   Data   RW         4271    .data               system_stm32f1xx.o
    0x20000bc0   COMPRESSED   0x00000004   Data   RW         4666    .data               mc_w.l(errno.o)
    0x20000bc4        -       0x00000400   Zero   RW           34    .bss                oled.o
    0x20000fc4        -       0x00000034   Zero   RW          350    .bss                app.o
    0x20000ff8        -       0x00000028   Zero   RW          463    .bss                key.o
    0x20001020        -       0x00000022   Zero   RW          554    .bss                debug_usart.o
    0x20001042   COMPRESSED   0x00000002   PAD
    0x20001044        -       0x00000030   Zero   RW          766    .bss                adc.o
    0x20001074        -       0x00000054   Zero   RW          832    .bss                i2c.o
    0x200010c8        -       0x000000d8   Zero   RW          879    .bss                tim.o
    0x200011a0        -       0x0000008c   Zero   RW          952    .bss                usart.o
    0x2000122c   COMPRESSED   0x00000004   PAD
    0x20001230        -       0x00000400   Zero   RW            1    STACK               startup_stm32f103x6.o


==============================================================================

Image component sizes


      Code (inc. data)   RO Data    RW Data    ZI Data      Debug   Object Name

       770         58          5          5          0       6623   24l01.o
       168         22          0          0         48       1613   adc.o
      3482        626        211        218         52      12268   app.o
       212         44          0         24         34       5445   debug_usart.o
        44          4          0          0          0        742   dma.o
        48         10          0          0          0        567   get_ec11.o
       220         12          0          0          0        951   gpio.o
       156         26          0          0         84       1613   i2c.o
       988        150          0          4         40       6800   key.o
       614        106          0          0          0       1924   main.o
      1080         58          0       2728       1024     458066   oled.o
        36          8        236          0       1024        796   startup_stm32f103x6.o
       168         28          0         12          0       5521   stm32f1xx_hal.o
      1302         52          0          0          0       6460   stm32f1xx_hal_adc.o
       244          6          0          0          0       1482   stm32f1xx_hal_adc_ex.o
       198         14          0          0          0      29007   stm32f1xx_hal_cortex.o
       842         38          0          0          0       5010   stm32f1xx_hal_dma.o
       508         30          0          0          0       3439   stm32f1xx_hal_gpio.o
      1522         28          0          0          0       8539   stm32f1xx_hal_i2c.o
        60          8          0          0          0        878   stm32f1xx_hal_msp.o
        32          8          0          0          0        511   stm32f1xx_hal_pwr.o
      1428         90         18          0          0       6556   stm32f1xx_hal_rcc.o
       436         28         18          0          0       2605   stm32f1xx_hal_rcc_ex.o
      1298         18          0          0          0      12290   stm32f1xx_hal_tim.o
        96          8          0          0          0       2421   stm32f1xx_hal_tim_ex.o
      1876         26          0          0          0      14248   stm32f1xx_hal_uart.o
        56         18          0          0          0       5127   stm32f1xx_it.o
         2          0         24          4          0       1103   system_stm32f1xx.o
       624         68          0          8        216       4266   tim.o
       256         38          0          0        140       2346   usart.o

    ----------------------------------------------------------------------
     18812       1630        548       3008       2668     609217   Object Totals
         0          0         32          0          0          0   (incl. Generated)
        46          0          4          5          6          0   (incl. Padding)

    ----------------------------------------------------------------------

      Code (inc. data)   RO Data    RW Data    ZI Data      Debug   Library Member Name

        62         10          0          0          0        340   dunder.o
        40          0          0          0          0         68   fpclassify.o
       170          0          0          0          0         96   poly.o
      2520        190        136          0          0        324   pow.o
         0          0          8          0          0          0   qnan.o
        76          0          0          0          0         84   sqrt.o
        86          0          0          0          0          0   __dczerorl2.o
         0          0          0          0          0          0   entry.o
         0          0          0          0          0          0   entry10a.o
         0          0          0          0          0          0   entry11a.o
         8          4          0          0          0          0   entry2.o
         4          0          0          0          0          0   entry5.o
         0          0          0          0          0          0   entry7b.o
         0          0          0          0          0          0   entry8b.o
         8          4          0          0          0          0   entry9a.o
        12          6          0          4          0         68   errno.o
        30          0          0          0          0          0   handlers.o
        36          8          0          0          0         68   init.o
         0          0          0          0          0          0   iusefp.o
        30          0          0          0          0         68   llshl.o
        36          0          0          0          0         68   llsshr.o
        32          0          0          0          0         68   llushr.o
        36          0          0          0          0         68   memcpya.o
        36          0          0          0          0        108   memseta.o
      2308         96          0          0          0        604   printfa.o
        20          0          0          0          0         68   strchr.o
        14          0          0          0          0         68   strlen.o
        36          0          0          0          0         80   strstr.o
        44          0          0          0          0         80   uidiv.o
        98          0          0          0          0         92   uldiv.o
        48          0          0          0          0         68   cdrcmple.o
        56          0          0          0          0         88   d2f.o
       334          0          0          0          0        148   dadd.o
       222          0          0          0          0        100   ddiv.o
       186          0          0          0          0        176   depilogue.o
        50          0          0          0          0         76   dfixui.o
        48          0          0          0          0         68   dfixul.o
        34          0          0          0          0         76   dflti.o
        26          0          0          0          0         76   dfltui.o
       228          0          0          0          0         96   dmul.o
        46          0          0          0          0         80   dscalb.o
       162          0          0          0          0        100   dsqrt.o
        38          0          0          0          0         68   f2d.o
       176          0          0          0          0        140   fadd.o
       110          0          0          0          0        168   fepilogue.o
        40          0          0          0          0         68   ffixui.o
        18          0          0          0          0         68   fflti.o
        10          0          0          0          0         68   ffltui.o
       100          0          0          0          0         76   fmul.o

    ----------------------------------------------------------------------
      7680        318        144          4          0       4228   Library Totals
         6          0          0          0          0          0   (incl. Padding)

    ----------------------------------------------------------------------

      Code (inc. data)   RO Data    RW Data    ZI Data      Debug   Library Name

      2868        200        144          0          0        912   m_ws.l
      2874        118          0          4          0       1508   mc_w.l
      1932          0          0          0          0       1808   mf_w.l

    ----------------------------------------------------------------------
      7680        318        144          4          0       4228   Library Totals

    ----------------------------------------------------------------------

==============================================================================


      Code (inc. data)   RO Data    RW Data    ZI Data      Debug   

     26492       1948        692       3012       2668     602809   Grand Totals
     26492       1948        692       2052       2668     602809   ELF Image Totals (compressed)
     26492       1948        692       2052          0          0   ROM Totals

==============================================================================

    Total RO  Size (Code + RO Data)                27184 (  26.55kB)
    Total RW  Size (RW Data + ZI Data)              5680 (   5.55kB)
    Total ROM Size (Code + RO Data + RW Data)      29236 (  28.55kB)

==============================================================================

